<html>
<body>
<pre>
<h1>µVision Build Log</h1>
<h2>Tool Versions:</h2>
IDE-Version: µVision V5.38.0.0
Copyright (C) 2022 ARM Ltd and ARM Germany GmbH. All rights reserved.
License Information: T T, T, LIC=Y2B1Q-NV201-352TX-HFXTV-LX2RU-H3U4R
 
Tool Versions:
Toolchain:       MDK-ARM Professional  Version: 5.38.0.0
Toolchain Path:  E:\Program Files\Keil_v5.38\ARM\ARMCLANG\Bin
C Compiler:      ArmClang.exe V6.19
Assembler:       Armasm.exe V6.19
Linker/Locator:  ArmLink.exe V6.19
Library Manager: ArmAr.exe V6.19
Hex Converter:   FromElf.exe V6.19
CPU DLL:         SARMCM3.DLL V5.38.0.0
Dialog DLL:      DARMCM1.DLL V1.19.6.0
Target DLL:      STLink\ST-LINKIII-KEIL_SWO.dll V3.1.0.0
Dialog DLL:      TARMCM1.DLL V1.14.6.0
 
<h2>Project:</h2>
E:\Yandex\YandexDisk\backups\Projects\Keil\TIM PWM\Project\Project.uvprojx
Project File Date:  01/07/2024

<h2>Output:</h2>
*** Using Compiler 'V6.19', folder: 'E:\Program Files\Keil_v5.38\ARM\ARMCLANG\Bin'
Rebuild target 'HK32F030MF4P6'
compiling bsp_led.c...
compiling hk32f030m_it.c...
compiling systick_delay.c...
compiling hk32f030m_awu.c...
compiling bsp_AdvanceTim.c...
compiling main.c...
compiling hk32f030m_adc.c...
compiling hk32f030m_beep.c...
compiling hk32f030m_crc.c...
compiling hk32f030m_exti.c...
compiling hk32f030m_gpio.c...
compiling hk32f030m_iwdg.c...
compiling hk32f030m_i2c.c...
compiling hk32f030m_misc.c...
compiling hk32f030m_pwr.c...
compiling hk32f030m_syscfg.c...
compiling hk32f030m_rcc.c...
compiling hk32f030m_spi.c...
compiling hk32f030m_wwdg.c...
assembling KEIL_Startup_hk32f030m.s...
compiling hk32f030m_flash.c...
compiling hk32f030m_usart.c...
compiling system_hk32f030m.c...
compiling hk32f030m_tim.c...
linking...
Program Size: Code=1364 RO-data=224 RW-data=4 ZI-data=524  
FromELF: creating hex file...
".\Objects\Project.axf" - 0 Error(s), 0 Warning(s).

<h2>Software Packages used:</h2>

Package Vendor: HKMicroChip
                http://www.hsxp-hk.com/companyfile/2/HKMicroChip.HK32F030Mxx_DFP.1.0.12.pack
                HKMicroChip.HK32F030Mxx_DFP.1.0.12
                HKMicroChip HK32F030M ARM Cortex-M0 Device Family Pack Device Support

<h2>Collection of Component include folders:</h2>

<h2>Collection of Component Files used:</h2>
Build Time Elapsed:  00:00:02
</pre>
</body>
</html>
