<!doctype html public "-//w3c//dtd html 4.0 transitional//en">
<html><head>
<title>Static Call Graph - [.\Objects\Project.axf]</title></head>
<body><HR>
<H1>Static Call Graph for image .\Objects\Project.axf</H1><HR>
<BR><P>#&#060CALLGRAPH&#062# ARM Linker, 6190004: Last Updated: Mon Jan  8 01:07:53 2024
<BR><P>
<H3>Maximum Stack Usage =         72 bytes + Unknown(Cycles, Untraceable Function Pointers)</H3><H3>
Call chain for Maximum Stack Depth:</H3>
main &rArr; delay_init &rArr; __aeabi_uidiv
<P>
<H3>
Mutually Recursive functions
</H3> <LI><a href="#[11]">ADC1_IRQHandler</a>&nbsp;&nbsp;&nbsp;&rArr;&nbsp;&nbsp;&nbsp;<a href="#[11]">ADC1_IRQHandler</a><BR>
 <LI><a href="#[2]">HardFault_Handler</a>&nbsp;&nbsp;&nbsp;&rArr;&nbsp;&nbsp;&nbsp;<a href="#[2]">HardFault_Handler</a><BR>
</UL>
<P>
<H3>
Function Pointers
</H3><UL>
 <LI><a href="#[11]">ADC1_IRQHandler</a> from keil_startup_hk32f030m.o(.text) referenced from keil_startup_hk32f030m.o(RESET)
 <LI><a href="#[a]">EXTI0_IRQHandler</a> from keil_startup_hk32f030m.o(.text) referenced from keil_startup_hk32f030m.o(RESET)
 <LI><a href="#[7]">EXTI11_IRQHandler</a> from keil_startup_hk32f030m.o(.text) referenced from keil_startup_hk32f030m.o(RESET)
 <LI><a href="#[b]">EXTI1_IRQHandler</a> from keil_startup_hk32f030m.o(.text) referenced from keil_startup_hk32f030m.o(RESET)
 <LI><a href="#[c]">EXTI2_IRQHandler</a> from keil_startup_hk32f030m.o(.text) referenced from keil_startup_hk32f030m.o(RESET)
 <LI><a href="#[d]">EXTI3_IRQHandler</a> from keil_startup_hk32f030m.o(.text) referenced from keil_startup_hk32f030m.o(RESET)
 <LI><a href="#[e]">EXTI4_IRQHandler</a> from keil_startup_hk32f030m.o(.text) referenced from keil_startup_hk32f030m.o(RESET)
 <LI><a href="#[f]">EXTI5_IRQHandler</a> from keil_startup_hk32f030m.o(.text) referenced from keil_startup_hk32f030m.o(RESET)
 <LI><a href="#[16]">EXTI6_IRQHandler</a> from keil_startup_hk32f030m.o(.text) referenced from keil_startup_hk32f030m.o(RESET)
 <LI><a href="#[17]">EXTI7_IRQHandler</a> from keil_startup_hk32f030m.o(.text) referenced from keil_startup_hk32f030m.o(RESET)
 <LI><a href="#[8]">FLASH_IRQHandler</a> from keil_startup_hk32f030m.o(.text) referenced from keil_startup_hk32f030m.o(RESET)
 <LI><a href="#[2]">HardFault_Handler</a> from hk32f030m_it.o(.text.HardFault_Handler) referenced from keil_startup_hk32f030m.o(RESET)
 <LI><a href="#[18]">I2C1_IRQHandler</a> from keil_startup_hk32f030m.o(.text) referenced from keil_startup_hk32f030m.o(RESET)
 <LI><a href="#[1]">NMI_Handler</a> from hk32f030m_it.o(.text.NMI_Handler) referenced from keil_startup_hk32f030m.o(RESET)
 <LI><a href="#[4]">PendSV_Handler</a> from hk32f030m_it.o(.text.PendSV_Handler) referenced from keil_startup_hk32f030m.o(RESET)
 <LI><a href="#[9]">RCC_IRQHandler</a> from keil_startup_hk32f030m.o(.text) referenced from keil_startup_hk32f030m.o(RESET)
 <LI><a href="#[0]">Reset_Handler</a> from keil_startup_hk32f030m.o(.text) referenced from keil_startup_hk32f030m.o(RESET)
 <LI><a href="#[19]">SPI1_IRQHandler</a> from keil_startup_hk32f030m.o(.text) referenced from keil_startup_hk32f030m.o(RESET)
 <LI><a href="#[3]">SVC_Handler</a> from hk32f030m_it.o(.text.SVC_Handler) referenced from keil_startup_hk32f030m.o(RESET)
 <LI><a href="#[5]">SysTick_Handler</a> from hk32f030m_it.o(.text.SysTick_Handler) referenced from keil_startup_hk32f030m.o(RESET)
 <LI><a href="#[1c]">SystemInit</a> from system_hk32f030m.o(.text.SystemInit) referenced from keil_startup_hk32f030m.o(.text)
 <LI><a href="#[10]">TIM1_BRK_IRQHandler</a> from keil_startup_hk32f030m.o(.text) referenced from keil_startup_hk32f030m.o(RESET)
 <LI><a href="#[13]">TIM1_CC_IRQHandler</a> from keil_startup_hk32f030m.o(.text) referenced from keil_startup_hk32f030m.o(RESET)
 <LI><a href="#[12]">TIM1_UP_TRG_COM_IRQHandler</a> from keil_startup_hk32f030m.o(.text) referenced from keil_startup_hk32f030m.o(RESET)
 <LI><a href="#[14]">TIM2_IRQHandler</a> from keil_startup_hk32f030m.o(.text) referenced from keil_startup_hk32f030m.o(RESET)
 <LI><a href="#[15]">TIM6_IRQHandler</a> from keil_startup_hk32f030m.o(.text) referenced from keil_startup_hk32f030m.o(RESET)
 <LI><a href="#[1a]">USART1_IRQHandler</a> from keil_startup_hk32f030m.o(.text) referenced from keil_startup_hk32f030m.o(RESET)
 <LI><a href="#[6]">WWDG_IRQHandler</a> from keil_startup_hk32f030m.o(.text) referenced from keil_startup_hk32f030m.o(RESET)
 <LI><a href="#[1d]">__main</a> from entry.o(.ARM.Collect$$$$00000000) referenced from keil_startup_hk32f030m.o(.text)
 <LI><a href="#[1b]">main</a> from main.o(.text.main) referenced from entry9a.o(.ARM.Collect$$$$0000000B)
</UL>
<P>
<H3>
Global Symbols
</H3>
<P><STRONG><a name="[1d]"></a>__main</STRONG> (Thumb, 0 bytes, Stack size unknown bytes, entry.o(.ARM.Collect$$$$00000000))
<BR>[Address Reference Count : 1]<UL><LI> keil_startup_hk32f030m.o(.text)
</UL>
<P><STRONG><a name="[2e]"></a>_main_stk</STRONG> (Thumb, 0 bytes, Stack size unknown bytes, entry2.o(.ARM.Collect$$$$00000001))

<P><STRONG><a name="[1e]"></a>_main_scatterload</STRONG> (Thumb, 0 bytes, Stack size unknown bytes, entry5.o(.ARM.Collect$$$$00000004))
<BR><BR>[Calls]<UL><LI><a href="#[1f]">&gt;&gt;</a>&nbsp;&nbsp;&nbsp;__scatterload
</UL>

<P><STRONG><a name="[20]"></a>__main_after_scatterload</STRONG> (Thumb, 0 bytes, Stack size unknown bytes, entry5.o(.ARM.Collect$$$$00000004))
<BR><BR>[Called By]<UL><LI><a href="#[1f]">&gt;&gt;</a>&nbsp;&nbsp;&nbsp;__scatterload
</UL>

<P><STRONG><a name="[2f]"></a>_main_clock</STRONG> (Thumb, 0 bytes, Stack size unknown bytes, entry7b.o(.ARM.Collect$$$$00000008))

<P><STRONG><a name="[30]"></a>_main_cpp_init</STRONG> (Thumb, 0 bytes, Stack size unknown bytes, entry8b.o(.ARM.Collect$$$$0000000A))

<P><STRONG><a name="[31]"></a>_main_init</STRONG> (Thumb, 0 bytes, Stack size unknown bytes, entry9a.o(.ARM.Collect$$$$0000000B))

<P><STRONG><a name="[32]"></a>__rt_final_cpp</STRONG> (Thumb, 0 bytes, Stack size unknown bytes, entry10a.o(.ARM.Collect$$$$0000000D))

<P><STRONG><a name="[33]"></a>__rt_final_exit</STRONG> (Thumb, 0 bytes, Stack size unknown bytes, entry11a.o(.ARM.Collect$$$$0000000F))

<P><STRONG><a name="[0]"></a>Reset_Handler</STRONG> (Thumb, 8 bytes, Stack size 0 bytes, keil_startup_hk32f030m.o(.text))
<BR>[Address Reference Count : 1]<UL><LI> keil_startup_hk32f030m.o(RESET)
</UL>
<P><STRONG><a name="[11]"></a>ADC1_IRQHandler</STRONG> (Thumb, 0 bytes, Stack size 0 bytes, keil_startup_hk32f030m.o(.text))
<BR><BR>[Calls]<UL><LI><a href="#[11]">&gt;&gt;</a>&nbsp;&nbsp;&nbsp;ADC1_IRQHandler
</UL>
<BR>[Called By]<UL><LI><a href="#[11]">&gt;&gt;</a>&nbsp;&nbsp;&nbsp;ADC1_IRQHandler
</UL>
<BR>[Address Reference Count : 1]<UL><LI> keil_startup_hk32f030m.o(RESET)
</UL>
<P><STRONG><a name="[a]"></a>EXTI0_IRQHandler</STRONG> (Thumb, 0 bytes, Stack size 0 bytes, keil_startup_hk32f030m.o(.text))
<BR>[Address Reference Count : 1]<UL><LI> keil_startup_hk32f030m.o(RESET)
</UL>
<P><STRONG><a name="[7]"></a>EXTI11_IRQHandler</STRONG> (Thumb, 0 bytes, Stack size 0 bytes, keil_startup_hk32f030m.o(.text))
<BR>[Address Reference Count : 1]<UL><LI> keil_startup_hk32f030m.o(RESET)
</UL>
<P><STRONG><a name="[b]"></a>EXTI1_IRQHandler</STRONG> (Thumb, 0 bytes, Stack size 0 bytes, keil_startup_hk32f030m.o(.text))
<BR>[Address Reference Count : 1]<UL><LI> keil_startup_hk32f030m.o(RESET)
</UL>
<P><STRONG><a name="[c]"></a>EXTI2_IRQHandler</STRONG> (Thumb, 0 bytes, Stack size 0 bytes, keil_startup_hk32f030m.o(.text))
<BR>[Address Reference Count : 1]<UL><LI> keil_startup_hk32f030m.o(RESET)
</UL>
<P><STRONG><a name="[d]"></a>EXTI3_IRQHandler</STRONG> (Thumb, 0 bytes, Stack size 0 bytes, keil_startup_hk32f030m.o(.text))
<BR>[Address Reference Count : 1]<UL><LI> keil_startup_hk32f030m.o(RESET)
</UL>
<P><STRONG><a name="[e]"></a>EXTI4_IRQHandler</STRONG> (Thumb, 0 bytes, Stack size 0 bytes, keil_startup_hk32f030m.o(.text))
<BR>[Address Reference Count : 1]<UL><LI> keil_startup_hk32f030m.o(RESET)
</UL>
<P><STRONG><a name="[f]"></a>EXTI5_IRQHandler</STRONG> (Thumb, 0 bytes, Stack size 0 bytes, keil_startup_hk32f030m.o(.text))
<BR>[Address Reference Count : 1]<UL><LI> keil_startup_hk32f030m.o(RESET)
</UL>
<P><STRONG><a name="[16]"></a>EXTI6_IRQHandler</STRONG> (Thumb, 0 bytes, Stack size 0 bytes, keil_startup_hk32f030m.o(.text))
<BR>[Address Reference Count : 1]<UL><LI> keil_startup_hk32f030m.o(RESET)
</UL>
<P><STRONG><a name="[17]"></a>EXTI7_IRQHandler</STRONG> (Thumb, 0 bytes, Stack size 0 bytes, keil_startup_hk32f030m.o(.text))
<BR>[Address Reference Count : 1]<UL><LI> keil_startup_hk32f030m.o(RESET)
</UL>
<P><STRONG><a name="[8]"></a>FLASH_IRQHandler</STRONG> (Thumb, 0 bytes, Stack size 0 bytes, keil_startup_hk32f030m.o(.text))
<BR>[Address Reference Count : 1]<UL><LI> keil_startup_hk32f030m.o(RESET)
</UL>
<P><STRONG><a name="[18]"></a>I2C1_IRQHandler</STRONG> (Thumb, 0 bytes, Stack size 0 bytes, keil_startup_hk32f030m.o(.text))
<BR>[Address Reference Count : 1]<UL><LI> keil_startup_hk32f030m.o(RESET)
</UL>
<P><STRONG><a name="[9]"></a>RCC_IRQHandler</STRONG> (Thumb, 0 bytes, Stack size 0 bytes, keil_startup_hk32f030m.o(.text))
<BR>[Address Reference Count : 1]<UL><LI> keil_startup_hk32f030m.o(RESET)
</UL>
<P><STRONG><a name="[19]"></a>SPI1_IRQHandler</STRONG> (Thumb, 0 bytes, Stack size 0 bytes, keil_startup_hk32f030m.o(.text))
<BR>[Address Reference Count : 1]<UL><LI> keil_startup_hk32f030m.o(RESET)
</UL>
<P><STRONG><a name="[10]"></a>TIM1_BRK_IRQHandler</STRONG> (Thumb, 0 bytes, Stack size 0 bytes, keil_startup_hk32f030m.o(.text))
<BR>[Address Reference Count : 1]<UL><LI> keil_startup_hk32f030m.o(RESET)
</UL>
<P><STRONG><a name="[13]"></a>TIM1_CC_IRQHandler</STRONG> (Thumb, 0 bytes, Stack size 0 bytes, keil_startup_hk32f030m.o(.text))
<BR>[Address Reference Count : 1]<UL><LI> keil_startup_hk32f030m.o(RESET)
</UL>
<P><STRONG><a name="[12]"></a>TIM1_UP_TRG_COM_IRQHandler</STRONG> (Thumb, 0 bytes, Stack size 0 bytes, keil_startup_hk32f030m.o(.text))
<BR>[Address Reference Count : 1]<UL><LI> keil_startup_hk32f030m.o(RESET)
</UL>
<P><STRONG><a name="[14]"></a>TIM2_IRQHandler</STRONG> (Thumb, 0 bytes, Stack size 0 bytes, keil_startup_hk32f030m.o(.text))
<BR>[Address Reference Count : 1]<UL><LI> keil_startup_hk32f030m.o(RESET)
</UL>
<P><STRONG><a name="[15]"></a>TIM6_IRQHandler</STRONG> (Thumb, 0 bytes, Stack size 0 bytes, keil_startup_hk32f030m.o(.text))
<BR>[Address Reference Count : 1]<UL><LI> keil_startup_hk32f030m.o(RESET)
</UL>
<P><STRONG><a name="[1a]"></a>USART1_IRQHandler</STRONG> (Thumb, 0 bytes, Stack size 0 bytes, keil_startup_hk32f030m.o(.text))
<BR>[Address Reference Count : 1]<UL><LI> keil_startup_hk32f030m.o(RESET)
</UL>
<P><STRONG><a name="[6]"></a>WWDG_IRQHandler</STRONG> (Thumb, 0 bytes, Stack size 0 bytes, keil_startup_hk32f030m.o(.text))
<BR>[Address Reference Count : 1]<UL><LI> keil_startup_hk32f030m.o(RESET)
</UL>
<P><STRONG><a name="[23]"></a>__aeabi_uidiv</STRONG> (Thumb, 0 bytes, Stack size 16 bytes, uidiv_div0.o(.text))
<BR><BR>[Stack]<UL><LI>Max Depth = 16<LI>Call Chain = __aeabi_uidiv
</UL>
<BR>[Called By]<UL><LI><a href="#[21]">&gt;&gt;</a>&nbsp;&nbsp;&nbsp;delay_init
</UL>

<P><STRONG><a name="[34]"></a>__aeabi_uidivmod</STRONG> (Thumb, 62 bytes, Stack size 16 bytes, uidiv_div0.o(.text), UNUSED)

<P><STRONG><a name="[1f]"></a>__scatterload</STRONG> (Thumb, 28 bytes, Stack size 0 bytes, init.o(.text))
<BR><BR>[Calls]<UL><LI><a href="#[20]">&gt;&gt;</a>&nbsp;&nbsp;&nbsp;__main_after_scatterload
</UL>
<BR>[Called By]<UL><LI><a href="#[1e]">&gt;&gt;</a>&nbsp;&nbsp;&nbsp;_main_scatterload
</UL>

<P><STRONG><a name="[35]"></a>__scatterload_rt2</STRONG> (Thumb, 0 bytes, Stack size 0 bytes, init.o(.text), UNUSED)

<P><STRONG><a name="[26]"></a>GPIO_Init</STRONG> (Thumb, 136 bytes, Stack size 20 bytes, hk32f030m_gpio.o(.text.GPIO_Init))
<BR><BR>[Stack]<UL><LI>Max Depth = 20<LI>Call Chain = GPIO_Init
</UL>
<BR>[Called By]<UL><LI><a href="#[1b]">&gt;&gt;</a>&nbsp;&nbsp;&nbsp;main
</UL>

<P><STRONG><a name="[25]"></a>GPIO_PinAFConfig</STRONG> (Thumb, 32 bytes, Stack size 8 bytes, hk32f030m_gpio.o(.text.GPIO_PinAFConfig))
<BR><BR>[Stack]<UL><LI>Max Depth = 8<LI>Call Chain = GPIO_PinAFConfig
</UL>
<BR>[Called By]<UL><LI><a href="#[1b]">&gt;&gt;</a>&nbsp;&nbsp;&nbsp;main
</UL>

<P><STRONG><a name="[2]"></a>HardFault_Handler</STRONG> (Thumb, 2 bytes, Stack size 0 bytes, hk32f030m_it.o(.text.HardFault_Handler))
<BR><BR>[Calls]<UL><LI><a href="#[2]">&gt;&gt;</a>&nbsp;&nbsp;&nbsp;HardFault_Handler
</UL>
<BR>[Called By]<UL><LI><a href="#[2]">&gt;&gt;</a>&nbsp;&nbsp;&nbsp;HardFault_Handler
</UL>
<BR>[Address Reference Count : 1]<UL><LI> keil_startup_hk32f030m.o(RESET)
</UL>
<P><STRONG><a name="[1]"></a>NMI_Handler</STRONG> (Thumb, 2 bytes, Stack size 0 bytes, hk32f030m_it.o(.text.NMI_Handler))
<BR>[Address Reference Count : 1]<UL><LI> keil_startup_hk32f030m.o(RESET)
</UL>
<P><STRONG><a name="[4]"></a>PendSV_Handler</STRONG> (Thumb, 2 bytes, Stack size 0 bytes, hk32f030m_it.o(.text.PendSV_Handler))
<BR>[Address Reference Count : 1]<UL><LI> keil_startup_hk32f030m.o(RESET)
</UL>
<P><STRONG><a name="[24]"></a>RCC_AHBPeriphClockCmd</STRONG> (Thumb, 24 bytes, Stack size 0 bytes, hk32f030m_rcc.o(.text.RCC_AHBPeriphClockCmd))
<BR><BR>[Called By]<UL><LI><a href="#[1b]">&gt;&gt;</a>&nbsp;&nbsp;&nbsp;main
</UL>

<P><STRONG><a name="[27]"></a>RCC_APB2PeriphClockCmd</STRONG> (Thumb, 24 bytes, Stack size 0 bytes, hk32f030m_rcc.o(.text.RCC_APB2PeriphClockCmd))
<BR><BR>[Called By]<UL><LI><a href="#[1b]">&gt;&gt;</a>&nbsp;&nbsp;&nbsp;main
</UL>

<P><STRONG><a name="[3]"></a>SVC_Handler</STRONG> (Thumb, 2 bytes, Stack size 0 bytes, hk32f030m_it.o(.text.SVC_Handler))
<BR>[Address Reference Count : 1]<UL><LI> keil_startup_hk32f030m.o(RESET)
</UL>
<P><STRONG><a name="[22]"></a>SysTick_CLKSourceConfig</STRONG> (Thumb, 24 bytes, Stack size 0 bytes, hk32f030m_misc.o(.text.SysTick_CLKSourceConfig))
<BR><BR>[Called By]<UL><LI><a href="#[21]">&gt;&gt;</a>&nbsp;&nbsp;&nbsp;delay_init
</UL>

<P><STRONG><a name="[5]"></a>SysTick_Handler</STRONG> (Thumb, 2 bytes, Stack size 0 bytes, hk32f030m_it.o(.text.SysTick_Handler))
<BR>[Address Reference Count : 1]<UL><LI> keil_startup_hk32f030m.o(RESET)
</UL>
<P><STRONG><a name="[1c]"></a>SystemInit</STRONG> (Thumb, 220 bytes, Stack size 40 bytes, system_hk32f030m.o(.text.SystemInit))
<BR><BR>[Stack]<UL><LI>Max Depth = 40<LI>Call Chain = SystemInit
</UL>
<BR>[Address Reference Count : 1]<UL><LI> keil_startup_hk32f030m.o(.text)
</UL>
<P><STRONG><a name="[2b]"></a>TIM_Cmd</STRONG> (Thumb, 24 bytes, Stack size 0 bytes, hk32f030m_tim.o(.text.TIM_Cmd))
<BR><BR>[Called By]<UL><LI><a href="#[1b]">&gt;&gt;</a>&nbsp;&nbsp;&nbsp;main
</UL>

<P><STRONG><a name="[2c]"></a>TIM_CtrlPWMOutputs</STRONG> (Thumb, 24 bytes, Stack size 0 bytes, hk32f030m_tim.o(.text.TIM_CtrlPWMOutputs))
<BR><BR>[Called By]<UL><LI><a href="#[1b]">&gt;&gt;</a>&nbsp;&nbsp;&nbsp;main
</UL>

<P><STRONG><a name="[29]"></a>TIM_OC2Init</STRONG> (Thumb, 108 bytes, Stack size 20 bytes, hk32f030m_tim.o(.text.TIM_OC2Init))
<BR><BR>[Stack]<UL><LI>Max Depth = 20<LI>Call Chain = TIM_OC2Init
</UL>
<BR>[Called By]<UL><LI><a href="#[1b]">&gt;&gt;</a>&nbsp;&nbsp;&nbsp;main
</UL>

<P><STRONG><a name="[2a]"></a>TIM_OC2PreloadConfig</STRONG> (Thumb, 16 bytes, Stack size 0 bytes, hk32f030m_tim.o(.text.TIM_OC2PreloadConfig))
<BR><BR>[Called By]<UL><LI><a href="#[1b]">&gt;&gt;</a>&nbsp;&nbsp;&nbsp;main
</UL>

<P><STRONG><a name="[28]"></a>TIM_TimeBaseInit</STRONG> (Thumb, 76 bytes, Stack size 8 bytes, hk32f030m_tim.o(.text.TIM_TimeBaseInit))
<BR><BR>[Stack]<UL><LI>Max Depth = 8<LI>Call Chain = TIM_TimeBaseInit
</UL>
<BR>[Called By]<UL><LI><a href="#[1b]">&gt;&gt;</a>&nbsp;&nbsp;&nbsp;main
</UL>

<P><STRONG><a name="[21]"></a>delay_init</STRONG> (Thumb, 40 bytes, Stack size 8 bytes, systick_delay.o(.text.delay_init))
<BR><BR>[Stack]<UL><LI>Max Depth = 24<LI>Call Chain = delay_init &rArr; __aeabi_uidiv
</UL>
<BR>[Calls]<UL><LI><a href="#[22]">&gt;&gt;</a>&nbsp;&nbsp;&nbsp;SysTick_CLKSourceConfig
<LI><a href="#[23]">&gt;&gt;</a>&nbsp;&nbsp;&nbsp;__aeabi_uidiv
</UL>
<BR>[Called By]<UL><LI><a href="#[1b]">&gt;&gt;</a>&nbsp;&nbsp;&nbsp;main
</UL>

<P><STRONG><a name="[2d]"></a>delay_ms</STRONG> (Thumb, 48 bytes, Stack size 8 bytes, systick_delay.o(.text.delay_ms))
<BR><BR>[Stack]<UL><LI>Max Depth = 8<LI>Call Chain = delay_ms
</UL>
<BR>[Called By]<UL><LI><a href="#[1b]">&gt;&gt;</a>&nbsp;&nbsp;&nbsp;main
</UL>

<P><STRONG><a name="[1b]"></a>main</STRONG> (Thumb, 268 bytes, Stack size 48 bytes, main.o(.text.main))
<BR><BR>[Stack]<UL><LI>Max Depth = 72<LI>Call Chain = main &rArr; delay_init &rArr; __aeabi_uidiv
</UL>
<BR>[Calls]<UL><LI><a href="#[2d]">&gt;&gt;</a>&nbsp;&nbsp;&nbsp;delay_ms
<LI><a href="#[26]">&gt;&gt;</a>&nbsp;&nbsp;&nbsp;GPIO_Init
<LI><a href="#[25]">&gt;&gt;</a>&nbsp;&nbsp;&nbsp;GPIO_PinAFConfig
<LI><a href="#[24]">&gt;&gt;</a>&nbsp;&nbsp;&nbsp;RCC_AHBPeriphClockCmd
<LI><a href="#[21]">&gt;&gt;</a>&nbsp;&nbsp;&nbsp;delay_init
<LI><a href="#[2c]">&gt;&gt;</a>&nbsp;&nbsp;&nbsp;TIM_CtrlPWMOutputs
<LI><a href="#[2b]">&gt;&gt;</a>&nbsp;&nbsp;&nbsp;TIM_Cmd
<LI><a href="#[2a]">&gt;&gt;</a>&nbsp;&nbsp;&nbsp;TIM_OC2PreloadConfig
<LI><a href="#[29]">&gt;&gt;</a>&nbsp;&nbsp;&nbsp;TIM_OC2Init
<LI><a href="#[28]">&gt;&gt;</a>&nbsp;&nbsp;&nbsp;TIM_TimeBaseInit
<LI><a href="#[27]">&gt;&gt;</a>&nbsp;&nbsp;&nbsp;RCC_APB2PeriphClockCmd
</UL>
<BR>[Address Reference Count : 1]<UL><LI> entry9a.o(.ARM.Collect$$$$0000000B)
</UL>
<P><STRONG><a name="[36]"></a>__scatterload_copy</STRONG> (Thumb, 14 bytes, Stack size unknown bytes, handlers.o(i.__scatterload_copy), UNUSED)

<P><STRONG><a name="[37]"></a>__scatterload_null</STRONG> (Thumb, 2 bytes, Stack size unknown bytes, handlers.o(i.__scatterload_null), UNUSED)

<P><STRONG><a name="[38]"></a>__scatterload_zeroinit</STRONG> (Thumb, 14 bytes, Stack size unknown bytes, handlers.o(i.__scatterload_zeroinit), UNUSED)
<P>
<H3>
Local Symbols
</H3><P>
<H3>
Undefined Global Symbols
</H3><HR></body></html>
