Component: Arm Compiler for Embedded 6.19 Tool: armlink [5e73cb00]

==============================================================================

Section Cross References

    hk32f030m_it.o(.ARM.exidx.text.NMI_Handler) refers to hk32f030m_it.o(.text.NMI_Handler) for [Anonymous Symbol]
    hk32f030m_it.o(.ARM.exidx.text.HardFault_Handler) refers to hk32f030m_it.o(.text.HardFault_Handler) for [Anonymous Symbol]
    hk32f030m_it.o(.ARM.exidx.text.SVC_Handler) refers to hk32f030m_it.o(.text.SVC_Handler) for [Anonymous Symbol]
    hk32f030m_it.o(.ARM.exidx.text.PendSV_Handler) refers to hk32f030m_it.o(.text.PendSV_Handler) for [Anonymous Symbol]
    hk32f030m_it.o(.ARM.exidx.text.SysTick_Handler) refers to hk32f030m_it.o(.text.SysTick_Handler) for [Anonymous Symbol]
    main.o(.text.ADVANCE_TIM_Mode_Config) refers to hk32f030m_rcc.o(.text.RCC_APB2PeriphClockCmd) for RCC_APB2PeriphClockCmd
    main.o(.text.ADVANCE_TIM_Mode_Config) refers to hk32f030m_tim.o(.text.TIM_TimeBaseInit) for TIM_TimeBaseInit
    main.o(.text.ADVANCE_TIM_Mode_Config) refers to hk32f030m_tim.o(.text.TIM_OC2Init) for TIM_OC2Init
    main.o(.text.ADVANCE_TIM_Mode_Config) refers to hk32f030m_tim.o(.text.TIM_OC2PreloadConfig) for TIM_OC2PreloadConfig
    main.o(.text.ADVANCE_TIM_Mode_Config) refers to hk32f030m_tim.o(.text.TIM_Cmd) for TIM_Cmd
    main.o(.text.ADVANCE_TIM_Mode_Config) refers to hk32f030m_tim.o(.text.TIM_CtrlPWMOutputs) for TIM_CtrlPWMOutputs
    main.o(.ARM.exidx.text.ADVANCE_TIM_Mode_Config) refers to main.o(.text.ADVANCE_TIM_Mode_Config) for [Anonymous Symbol]
    main.o(.text.main) refers to systick_delay.o(.text.delay_init) for delay_init
    main.o(.text.main) refers to hk32f030m_rcc.o(.text.RCC_AHBPeriphClockCmd) for RCC_AHBPeriphClockCmd
    main.o(.text.main) refers to hk32f030m_gpio.o(.text.GPIO_PinAFConfig) for GPIO_PinAFConfig
    main.o(.text.main) refers to hk32f030m_gpio.o(.text.GPIO_Init) for GPIO_Init
    main.o(.text.main) refers to hk32f030m_rcc.o(.text.RCC_APB2PeriphClockCmd) for RCC_APB2PeriphClockCmd
    main.o(.text.main) refers to hk32f030m_tim.o(.text.TIM_TimeBaseInit) for TIM_TimeBaseInit
    main.o(.text.main) refers to hk32f030m_tim.o(.text.TIM_OC2Init) for TIM_OC2Init
    main.o(.text.main) refers to hk32f030m_tim.o(.text.TIM_OC2PreloadConfig) for TIM_OC2PreloadConfig
    main.o(.text.main) refers to hk32f030m_tim.o(.text.TIM_Cmd) for TIM_Cmd
    main.o(.text.main) refers to hk32f030m_tim.o(.text.TIM_CtrlPWMOutputs) for TIM_CtrlPWMOutputs
    main.o(.text.main) refers to systick_delay.o(.text.delay_ms) for delay_ms
    main.o(.ARM.exidx.text.main) refers to main.o(.text.main) for [Anonymous Symbol]
    main.o(.ARM.exidx.text.Delay) refers to main.o(.text.Delay) for [Anonymous Symbol]
    bsp_led.o(.text.LED_GPIO_Config) refers to hk32f030m_rcc.o(.text.RCC_AHBPeriphClockCmd) for RCC_AHBPeriphClockCmd
    bsp_led.o(.text.LED_GPIO_Config) refers to hk32f030m_gpio.o(.text.GPIO_Init) for GPIO_Init
    bsp_led.o(.text.LED_GPIO_Config) refers to hk32f030m_gpio.o(.text.GPIO_SetBits) for GPIO_SetBits
    bsp_led.o(.ARM.exidx.text.LED_GPIO_Config) refers to bsp_led.o(.text.LED_GPIO_Config) for [Anonymous Symbol]
    bsp_advancetim.o(.text.ADVANCE_TIM_Init) refers to hk32f030m_rcc.o(.text.RCC_AHBPeriphClockCmd) for RCC_AHBPeriphClockCmd
    bsp_advancetim.o(.text.ADVANCE_TIM_Init) refers to hk32f030m_gpio.o(.text.GPIO_PinAFConfig) for GPIO_PinAFConfig
    bsp_advancetim.o(.text.ADVANCE_TIM_Init) refers to hk32f030m_gpio.o(.text.GPIO_Init) for GPIO_Init
    bsp_advancetim.o(.text.ADVANCE_TIM_Init) refers to hk32f030m_rcc.o(.text.RCC_APB2PeriphClockCmd) for RCC_APB2PeriphClockCmd
    bsp_advancetim.o(.text.ADVANCE_TIM_Init) refers to hk32f030m_tim.o(.text.TIM_TimeBaseInit) for TIM_TimeBaseInit
    bsp_advancetim.o(.text.ADVANCE_TIM_Init) refers to hk32f030m_tim.o(.text.TIM_OC1Init) for TIM_OC1Init
    bsp_advancetim.o(.text.ADVANCE_TIM_Init) refers to hk32f030m_tim.o(.text.TIM_OC2PreloadConfig) for TIM_OC2PreloadConfig
    bsp_advancetim.o(.text.ADVANCE_TIM_Init) refers to hk32f030m_tim.o(.text.TIM_BDTRConfig) for TIM_BDTRConfig
    bsp_advancetim.o(.text.ADVANCE_TIM_Init) refers to hk32f030m_tim.o(.text.TIM_Cmd) for TIM_Cmd
    bsp_advancetim.o(.text.ADVANCE_TIM_Init) refers to hk32f030m_tim.o(.text.TIM_CtrlPWMOutputs) for TIM_CtrlPWMOutputs
    bsp_advancetim.o(.ARM.exidx.text.ADVANCE_TIM_Init) refers to bsp_advancetim.o(.text.ADVANCE_TIM_Init) for [Anonymous Symbol]
    systick_delay.o(.text.delay_init) refers to hk32f030m_misc.o(.text.SysTick_CLKSourceConfig) for SysTick_CLKSourceConfig
    systick_delay.o(.text.delay_init) refers to uidiv_div0.o(.text) for __aeabi_uidiv
    systick_delay.o(.text.delay_init) refers to system_hk32f030m.o(.data.SystemCoreClock) for SystemCoreClock
    systick_delay.o(.text.delay_init) refers to systick_delay.o(.bss.fac_us) for [Anonymous Symbol]
    systick_delay.o(.text.delay_init) refers to systick_delay.o(.bss.fac_ms) for [Anonymous Symbol]
[...]
    hk32f030m_tim.o(.ARM.exidx.text.TIM_SelectHallSensor) refers to hk32f030m_tim.o(.text.TIM_SelectHallSensor) for [Anonymous Symbol]
    hk32f030m_usart.o(.text.USART_DeInit) refers to hk32f030m_rcc.o(.text.RCC_APB2PeriphResetCmd) for RCC_APB2PeriphResetCmd
    hk32f030m_usart.o(.ARM.exidx.text.USART_DeInit) refers to hk32f030m_usart.o(.text.USART_DeInit) for [Anonymous Symbol]
    hk32f030m_usart.o(.text.USART_Init) refers to hk32f030m_rcc.o(.text.RCC_GetClocksFreq) for RCC_GetClocksFreq
    hk32f030m_usart.o(.text.USART_Init) refers to uidiv_div0.o(.text) for __aeabi_uidiv
    hk32f030m_usart.o(.ARM.exidx.text.USART_Init) refers to hk32f030m_usart.o(.text.USART_Init) for [Anonymous Symbol]
    hk32f030m_usart.o(.ARM.exidx.text.USART_StructInit) refers to hk32f030m_usart.o(.text.USART_StructInit) for [Anonymous Symbol]
    hk32f030m_usart.o(.ARM.exidx.text.USART_ClockInit) refers to hk32f030m_usart.o(.text.USART_ClockInit) for [Anonymous Symbol]
    hk32f030m_usart.o(.ARM.exidx.text.USART_ClockStructInit) refers to hk32f030m_usart.o(.text.USART_ClockStructInit) for [Anonymous Symbol]
    hk32f030m_usart.o(.ARM.exidx.text.USART_Cmd) refers to hk32f030m_usart.o(.text.USART_Cmd) for [Anonymous Symbol]
    hk32f030m_usart.o(.ARM.exidx.text.USART_DirectionModeCmd) refers to hk32f030m_usart.o(.text.USART_DirectionModeCmd) for [Anonymous Symbol]
    hk32f030m_usart.o(.ARM.exidx.text.USART_OverSampling8Cmd) refers to hk32f030m_usart.o(.text.USART_OverSampling8Cmd) for [Anonymous Symbol]
    hk32f030m_usart.o(.ARM.exidx.text.USART_OneBitMethodCmd) refers to hk32f030m_usart.o(.text.USART_OneBitMethodCmd) for [Anonymous Symbol]
    hk32f030m_usart.o(.ARM.exidx.text.USART_MSBFirstCmd) refers to hk32f030m_usart.o(.text.USART_MSBFirstCmd) for [Anonymous Symbol]
    hk32f030m_usart.o(.ARM.exidx.text.USART_DataInvCmd) refers to hk32f030m_usart.o(.text.USART_DataInvCmd) for [Anonymous Symbol]
    hk32f030m_usart.o(.ARM.exidx.text.USART_InvPinCmd) refers to hk32f030m_usart.o(.text.USART_InvPinCmd) for [Anonymous Symbol]
    hk32f030m_usart.o(.ARM.exidx.text.USART_SWAPPinCmd) refers to hk32f030m_usart.o(.text.USART_SWAPPinCmd) for [Anonymous Symbol]
    hk32f030m_usart.o(.ARM.exidx.text.USART_ReceiverTimeOutCmd) refers to hk32f030m_usart.o(.text.USART_ReceiverTimeOutCmd) for [Anonymous Symbol]
    hk32f030m_usart.o(.ARM.exidx.text.USART_SetReceiverTimeOut) refers to hk32f030m_usart.o(.text.USART_SetReceiverTimeOut) for [Anonymous Symbol]
    hk32f030m_usart.o(.ARM.exidx.text.USART_SetPrescaler) refers to hk32f030m_usart.o(.text.USART_SetPrescaler) for [Anonymous Symbol]
    hk32f030m_usart.o(.ARM.exidx.text.USART_STOPModeCmd) refers to hk32f030m_usart.o(.text.USART_STOPModeCmd) for [Anonymous Symbol]
    hk32f030m_usart.o(.ARM.exidx.text.USART_StopModeWakeUpSourceConfig) refers to hk32f030m_usart.o(.text.USART_StopModeWakeUpSourceConfig) for [Anonymous Symbol]
    hk32f030m_usart.o(.ARM.exidx.text.USART_AutoBaudRateCmd) refers to hk32f030m_usart.o(.text.USART_AutoBaudRateCmd) for [Anonymous Symbol]
    hk32f030m_usart.o(.ARM.exidx.text.USART_AutoBaudRateConfig) refers to hk32f030m_usart.o(.text.USART_AutoBaudRateConfig) for [Anonymous Symbol]
    hk32f030m_usart.o(.ARM.exidx.text.USART_SendData) refers to hk32f030m_usart.o(.text.USART_SendData) for [Anonymous Symbol]
    hk32f030m_usart.o(.ARM.exidx.text.USART_ReceiveData) refers to hk32f030m_usart.o(.text.USART_ReceiveData) for [Anonymous Symbol]
    hk32f030m_usart.o(.ARM.exidx.text.USART_SetAddress) refers to hk32f030m_usart.o(.text.USART_SetAddress) for [Anonymous Symbol]
    hk32f030m_usart.o(.ARM.exidx.text.USART_MuteModeCmd) refers to hk32f030m_usart.o(.text.USART_MuteModeCmd) for [Anonymous Symbol]
    hk32f030m_usart.o(.ARM.exidx.text.USART_MuteModeWakeUpConfig) refers to hk32f030m_usart.o(.text.USART_MuteModeWakeUpConfig) for [Anonymous Symbol]
    hk32f030m_usart.o(.ARM.exidx.text.USART_AddressDetectionConfig) refers to hk32f030m_usart.o(.text.USART_AddressDetectionConfig) for [Anonymous Symbol]
    hk32f030m_usart.o(.ARM.exidx.text.USART_LINBreakDetectLengthConfig) refers to hk32f030m_usart.o(.text.USART_LINBreakDetectLengthConfig) for [Anonymous Symbol]
    hk32f030m_usart.o(.ARM.exidx.text.USART_LINCmd) refers to hk32f030m_usart.o(.text.USART_LINCmd) for [Anonymous Symbol]
    hk32f030m_usart.o(.ARM.exidx.text.USART_HalfDuplexCmd) refers to hk32f030m_usart.o(.text.USART_HalfDuplexCmd) for [Anonymous Symbol]
    hk32f030m_usart.o(.ARM.exidx.text.USART_SetGuardTime) refers to hk32f030m_usart.o(.text.USART_SetGuardTime) for [Anonymous Symbol]
    hk32f030m_usart.o(.ARM.exidx.text.USART_SmartCardCmd) refers to hk32f030m_usart.o(.text.USART_SmartCardCmd) for [Anonymous Symbol]
    hk32f030m_usart.o(.ARM.exidx.text.USART_SmartCardNACKCmd) refers to hk32f030m_usart.o(.text.USART_SmartCardNACKCmd) for [Anonymous Symbol]
    hk32f030m_usart.o(.ARM.exidx.text.USART_SetAutoRetryCount) refers to hk32f030m_usart.o(.text.USART_SetAutoRetryCount) for [Anonymous Symbol]
    hk32f030m_usart.o(.ARM.exidx.text.USART_SetBlockLength) refers to hk32f030m_usart.o(.text.USART_SetBlockLength) for [Anonymous Symbol]
    hk32f030m_usart.o(.ARM.exidx.text.USART_IrDAConfig) refers to hk32f030m_usart.o(.text.USART_IrDAConfig) for [Anonymous Symbol]
    hk32f030m_usart.o(.ARM.exidx.text.USART_IrDACmd) refers to hk32f030m_usart.o(.text.USART_IrDACmd) for [Anonymous Symbol]
    hk32f030m_usart.o(.ARM.exidx.text.USART_DECmd) refers to hk32f030m_usart.o(.text.USART_DECmd) for [Anonymous Symbol]
    hk32f030m_usart.o(.ARM.exidx.text.USART_DEPolarityConfig) refers to hk32f030m_usart.o(.text.USART_DEPolarityConfig) for [Anonymous Symbol]
    hk32f030m_usart.o(.ARM.exidx.text.USART_SetDEAssertionTime) refers to hk32f030m_usart.o(.text.USART_SetDEAssertionTime) for [Anonymous Symbol]
    hk32f030m_usart.o(.ARM.exidx.text.USART_SetDEDeassertionTime) refers to hk32f030m_usart.o(.text.USART_SetDEDeassertionTime) for [Anonymous Symbol]
    hk32f030m_usart.o(.ARM.exidx.text.USART_ITConfig) refers to hk32f030m_usart.o(.text.USART_ITConfig) for [Anonymous Symbol]
    hk32f030m_usart.o(.ARM.exidx.text.USART_RequestCmd) refers to hk32f030m_usart.o(.text.USART_RequestCmd) for [Anonymous Symbol]
    hk32f030m_usart.o(.ARM.exidx.text.USART_OverrunDetectionConfig) refers to hk32f030m_usart.o(.text.USART_OverrunDetectionConfig) for [Anonymous Symbol]
    hk32f030m_usart.o(.ARM.exidx.text.USART_GetFlagStatus) refers to hk32f030m_usart.o(.text.USART_GetFlagStatus) for [Anonymous Symbol]
    hk32f030m_usart.o(.ARM.exidx.text.USART_ClearFlag) refers to hk32f030m_usart.o(.text.USART_ClearFlag) for [Anonymous Symbol]
    hk32f030m_usart.o(.ARM.exidx.text.USART_GetITStatus) refers to hk32f030m_usart.o(.text.USART_GetITStatus) for [Anonymous Symbol]
    hk32f030m_usart.o(.ARM.exidx.text.USART_ClearITPendingBit) refers to hk32f030m_usart.o(.text.USART_ClearITPendingBit) for [Anonymous Symbol]
    hk32f030m_wwdg.o(.text.WWDG_DeInit) refers to hk32f030m_rcc.o(.text.RCC_APB1PeriphResetCmd) for RCC_APB1PeriphResetCmd
    hk32f030m_wwdg.o(.ARM.exidx.text.WWDG_DeInit) refers to hk32f030m_wwdg.o(.text.WWDG_DeInit) for [Anonymous Symbol]
    hk32f030m_wwdg.o(.ARM.exidx.text.WWDG_SetPrescaler) refers to hk32f030m_wwdg.o(.text.WWDG_SetPrescaler) for [Anonymous Symbol]
    hk32f030m_wwdg.o(.ARM.exidx.text.WWDG_SetWindowValue) refers to hk32f030m_wwdg.o(.text.WWDG_SetWindowValue) for [Anonymous Symbol]
    hk32f030m_wwdg.o(.ARM.exidx.text.WWDG_EnableIT) refers to hk32f030m_wwdg.o(.text.WWDG_EnableIT) for [Anonymous Symbol]
    hk32f030m_wwdg.o(.ARM.exidx.text.WWDG_SetCounter) refers to hk32f030m_wwdg.o(.text.WWDG_SetCounter) for [Anonymous Symbol]
    hk32f030m_wwdg.o(.ARM.exidx.text.WWDG_Enable) refers to hk32f030m_wwdg.o(.text.WWDG_Enable) for [Anonymous Symbol]
    hk32f030m_wwdg.o(.ARM.exidx.text.WWDG_GetFlagStatus) refers to hk32f030m_wwdg.o(.text.WWDG_GetFlagStatus) for [Anonymous Symbol]
    hk32f030m_wwdg.o(.ARM.exidx.text.WWDG_ClearFlag) refers to hk32f030m_wwdg.o(.text.WWDG_ClearFlag) for [Anonymous Symbol]
    system_hk32f030m.o(.ARM.exidx.text.SystemInit) refers to system_hk32f030m.o(.text.SystemInit) for [Anonymous Symbol]
    system_hk32f030m.o(.text.SystemCoreClockUpdate) refers to uidiv_div0.o(.text) for __aeabi_uidiv
    system_hk32f030m.o(.text.SystemCoreClockUpdate) refers to system_hk32f030m.o(.data.SystemCoreClock) for SystemCoreClock
    system_hk32f030m.o(.text.SystemCoreClockUpdate) refers to hk32f030m_rcc.o(.rodata.AHBPrescTable) for AHBPrescTable
    system_hk32f030m.o(.ARM.exidx.text.SystemCoreClockUpdate) refers to system_hk32f030m.o(.text.SystemCoreClockUpdate) for [Anonymous Symbol]
    keil_startup_hk32f030m.o(RESET) refers to keil_startup_hk32f030m.o(STACK) for __initial_sp
    keil_startup_hk32f030m.o(RESET) refers to keil_startup_hk32f030m.o(.text) for Reset_Handler
    keil_startup_hk32f030m.o(RESET) refers to hk32f030m_it.o(.text.NMI_Handler) for NMI_Handler
    keil_startup_hk32f030m.o(RESET) refers to hk32f030m_it.o(.text.HardFault_Handler) for HardFault_Handler
    keil_startup_hk32f030m.o(RESET) refers to hk32f030m_it.o(.text.SVC_Handler) for SVC_Handler
    keil_startup_hk32f030m.o(RESET) refers to hk32f030m_it.o(.text.PendSV_Handler) for PendSV_Handler
    keil_startup_hk32f030m.o(RESET) refers to hk32f030m_it.o(.text.SysTick_Handler) for SysTick_Handler
    keil_startup_hk32f030m.o(.text) refers to system_hk32f030m.o(.text.SystemInit) for SystemInit
    keil_startup_hk32f030m.o(.text) refers to entry.o(.ARM.Collect$$$$00000000) for __main
    entry.o(.ARM.Collect$$$$00000000) refers (Special) to entry10a.o(.ARM.Collect$$$$0000000D) for __rt_final_cpp
    entry.o(.ARM.Collect$$$$00000000) refers (Special) to entry11a.o(.ARM.Collect$$$$0000000F) for __rt_final_exit
    entry.o(.ARM.Collect$$$$00000000) refers (Special) to entry7b.o(.ARM.Collect$$$$00000008) for _main_clock
    entry.o(.ARM.Collect$$$$00000000) refers (Special) to entry8b.o(.ARM.Collect$$$$0000000A) for _main_cpp_init
    entry.o(.ARM.Collect$$$$00000000) refers (Special) to entry9a.o(.ARM.Collect$$$$0000000B) for _main_init
    entry.o(.ARM.Collect$$$$00000000) refers (Special) to entry5.o(.ARM.Collect$$$$00000004) for _main_scatterload
    entry.o(.ARM.Collect$$$$00000000) refers (Special) to entry2.o(.ARM.Collect$$$$00000001) for _main_stk
    entry2.o(.ARM.Collect$$$$00000001) refers to entry2.o(.ARM.Collect$$$$00002712) for __lit__00000000
    entry2.o(.ARM.Collect$$$$00002712) refers to keil_startup_hk32f030m.o(STACK) for __initial_sp
    entry2.o(__vectab_stack_and_reset_area) refers to keil_startup_hk32f030m.o(STACK) for __initial_sp
    entry2.o(__vectab_stack_and_reset_area) refers to entry.o(.ARM.Collect$$$$00000000) for __main
    entry5.o(.ARM.Collect$$$$00000004) refers to init.o(.text) for __scatterload
    entry9a.o(.ARM.Collect$$$$0000000B) refers to main.o(.text.main) for main
    entry9b.o(.ARM.Collect$$$$0000000C) refers to main.o(.text.main) for main
    idiv_div0.o(.text) refers to uidiv_div0.o(.text) for __aeabi_uidivmod
    init.o(.text) refers to entry5.o(.ARM.Collect$$$$00000004) for __main_after_scatterload


==============================================================================

Removing Unused input sections from the image.

    Removing hk32f030m_it.o(.text), (0 bytes).
    Removing hk32f030m_it.o(.ARM.exidx.text.NMI_Handler), (8 bytes).
    Removing hk32f030m_it.o(.ARM.exidx.text.HardFault_Handler), (8 bytes).
    Removing hk32f030m_it.o(.ARM.exidx.text.SVC_Handler), (8 bytes).
    Removing hk32f030m_it.o(.ARM.exidx.text.PendSV_Handler), (8 bytes).
    Removing hk32f030m_it.o(.ARM.exidx.text.SysTick_Handler), (8 bytes).
    Removing main.o(.text), (0 bytes).
    Removing main.o(.text.ADVANCE_TIM_Mode_Config), (100 bytes).
    Removing main.o(.ARM.exidx.text.ADVANCE_TIM_Mode_Config), (8 bytes).
    Removing main.o(.ARM.exidx.text.main), (8 bytes).
    Removing main.o(.text.Delay), (26 bytes).
    Removing main.o(.ARM.exidx.text.Delay), (8 bytes).
    Removing main.o(.bss.time), (4 bytes).
    Removing main.o(.bss.t), (1 bytes).
    Removing main.o(.ARM.use_no_argv), (4 bytes).
    Removing bsp_led.o(.text), (0 bytes).
    Removing bsp_led.o(.text.LED_GPIO_Config), (104 bytes).
    Removing bsp_led.o(.ARM.exidx.text.LED_GPIO_Config), (8 bytes).
    Removing bsp_advancetim.o(.text), (0 bytes).
    Removing bsp_advancetim.o(.text.ADVANCE_TIM_Init), (264 bytes).
    Removing bsp_advancetim.o(.ARM.exidx.text.ADVANCE_TIM_Init), (8 bytes).
    Removing systick_delay.o(.text), (0 bytes).
    Removing systick_delay.o(.ARM.exidx.text.delay_init), (8 bytes).
    Removing systick_delay.o(.text.delay_us), (60 bytes).
    Removing systick_delay.o(.ARM.exidx.text.delay_us), (8 bytes).
    Removing systick_delay.o(.ARM.exidx.text.delay_ms), (8 bytes).
    Removing hk32f030m_adc.o(.text), (0 bytes).
    Removing hk32f030m_adc.o(.text.ADC_DeInit), (36 bytes).
    Removing hk32f030m_adc.o(.ARM.exidx.text.ADC_DeInit), (8 bytes).
    Removing hk32f030m_adc.o(.text.ADC_Init), (36 bytes).
    Removing hk32f030m_adc.o(.ARM.exidx.text.ADC_Init), (8 bytes).
    Removing hk32f030m_adc.o(.text.ADC_StructInit), (14 bytes).
    Removing hk32f030m_adc.o(.ARM.exidx.text.ADC_StructInit), (8 bytes).
    Removing hk32f030m_adc.o(.text.ADC_Cmd), (18 bytes).
    Removing hk32f030m_adc.o(.ARM.exidx.text.ADC_Cmd), (8 bytes).
    Removing hk32f030m_adc.o(.text.ADC_ClockModeConfig), (4 bytes).
    Removing hk32f030m_adc.o(.ARM.exidx.text.ADC_ClockModeConfig), (8 bytes).
    Removing hk32f030m_adc.o(.text.ADC_JitterCmd), (20 bytes).
    Removing hk32f030m_adc.o(.ARM.exidx.text.ADC_JitterCmd), (8 bytes).
    Removing hk32f030m_adc.o(.text.ADC_AutoPowerOffCmd), (20 bytes).
    Removing hk32f030m_adc.o(.ARM.exidx.text.ADC_AutoPowerOffCmd), (8 bytes).
    Removing hk32f030m_adc.o(.text.ADC_WaitModeCmd), (20 bytes).
    Removing hk32f030m_adc.o(.ARM.exidx.text.ADC_WaitModeCmd), (8 bytes).
    Removing hk32f030m_adc.o(.text.ADC_AnalogWatchdogCmd), (20 bytes).
    Removing hk32f030m_adc.o(.ARM.exidx.text.ADC_AnalogWatchdogCmd), (8 bytes).
    Removing hk32f030m_adc.o(.text.ADC_AnalogWatchdogThresholdsConfig), (8 bytes).
    Removing hk32f030m_adc.o(.ARM.exidx.text.ADC_AnalogWatchdogThresholdsConfig), (8 bytes).
    Removing hk32f030m_adc.o(.text.ADC_AnalogWatchdogSingleChannelConfig), (14 bytes).
    Removing hk32f030m_adc.o(.ARM.exidx.text.ADC_AnalogWatchdogSingleChannelConfig), (8 bytes).
    Removing hk32f030m_adc.o(.text.ADC_AnalogWatchdogSingleChannelCmd), (20 bytes).
    Removing hk32f030m_adc.o(.ARM.exidx.text.ADC_AnalogWatchdogSingleChannelCmd), (8 bytes).
    Removing hk32f030m_adc.o(.text.ADC_VrefintCmd), (26 bytes).
    Removing hk32f030m_adc.o(.ARM.exidx.text.ADC_VrefintCmd), (8 bytes).
    Removing hk32f030m_adc.o(.text.ADC_ChannelConfig), (10 bytes).
    Removing hk32f030m_adc.o(.ARM.exidx.text.ADC_ChannelConfig), (8 bytes).
    Removing hk32f030m_adc.o(.text.ADC_ContinuousModeCmd), (20 bytes).
    Removing hk32f030m_adc.o(.ARM.exidx.text.ADC_ContinuousModeCmd), (8 bytes).
    Removing hk32f030m_adc.o(.text.ADC_DiscModeCmd), (20 bytes).
    Removing hk32f030m_adc.o(.ARM.exidx.text.ADC_DiscModeCmd), (8 bytes).
    Removing hk32f030m_adc.o(.text.ADC_OverrunModeCmd), (20 bytes).
    Removing hk32f030m_adc.o(.ARM.exidx.text.ADC_OverrunModeCmd), (8 bytes).
    Removing hk32f030m_adc.o(.text.ADC_GetCalibrationFactor), (44 bytes).
    Removing hk32f030m_adc.o(.ARM.exidx.text.ADC_GetCalibrationFactor), (8 bytes).
    Removing hk32f030m_adc.o(.text.ADC_StopOfConversion), (10 bytes).
    Removing hk32f030m_adc.o(.ARM.exidx.text.ADC_StopOfConversion), (8 bytes).
    Removing hk32f030m_adc.o(.text.ADC_StartOfConversion), (10 bytes).
    Removing hk32f030m_adc.o(.ARM.exidx.text.ADC_StartOfConversion), (8 bytes).
    Removing hk32f030m_adc.o(.text.ADC_GetConversionValue), (6 bytes).
    Removing hk32f030m_adc.o(.ARM.exidx.text.ADC_GetConversionValue), (8 bytes).
    Removing hk32f030m_adc.o(.text.ADC_ITConfig), (20 bytes).
    Removing hk32f030m_adc.o(.ARM.exidx.text.ADC_ITConfig), (8 bytes).
    Removing hk32f030m_adc.o(.text.ADC_GetFlagStatus), (24 bytes).
    Removing hk32f030m_adc.o(.ARM.exidx.text.ADC_GetFlagStatus), (8 bytes).
    Removing hk32f030m_adc.o(.text.ADC_ClearFlag), (4 bytes).
    Removing hk32f030m_adc.o(.ARM.exidx.text.ADC_ClearFlag), (8 bytes).
    Removing hk32f030m_adc.o(.text.ADC_GetITStatus), (20 bytes).
    Removing hk32f030m_adc.o(.ARM.exidx.text.ADC_GetITStatus), (8 bytes).
    Removing hk32f030m_adc.o(.text.ADC_ClearITPendingBit), (4 bytes).
    Removing hk32f030m_adc.o(.ARM.exidx.text.ADC_ClearITPendingBit), (8 bytes).
    Removing hk32f030m_adc.o(.text.ADC_AWDWakeup_Cmd), (28 bytes).
    Removing hk32f030m_adc.o(.ARM.exidx.text.ADC_AWDWakeup_Cmd), (8 bytes).
    Removing hk32f030m_adc.o(.text.ADC_Diff_Func), (24 bytes).
    Removing hk32f030m_adc.o(.ARM.exidx.text.ADC_Diff_Func), (8 bytes).
    Removing hk32f030m_adc.o(.text.ADC_InterDelay_Func), (22 bytes).
    Removing hk32f030m_adc.o(.ARM.exidx.text.ADC_InterDelay_Func), (8 bytes).
    Removing hk32f030m_awu.o(.text), (0 bytes).
    Removing hk32f030m_awu.o(.text.AWU_DeInit), (16 bytes).
    Removing hk32f030m_awu.o(.ARM.exidx.text.AWU_DeInit), (8 bytes).
    Removing hk32f030m_awu.o(.text.AWU_CLKConfig), (24 bytes).
    Removing hk32f030m_awu.o(.ARM.exidx.text.AWU_CLKConfig), (8 bytes).
    Removing hk32f030m_awu.o(.text.AWU_TimerCounterAndStart), (52 bytes).
    Removing hk32f030m_awu.o(.ARM.exidx.text.AWU_TimerCounterAndStart), (8 bytes).
    Removing hk32f030m_awu.o(.text.AWU_GetFlagStatus), (16 bytes).
    Removing hk32f030m_awu.o(.ARM.exidx.text.AWU_GetFlagStatus), (8 bytes).
    Removing hk32f030m_beep.o(.text), (0 bytes).
    Removing hk32f030m_beep.o(.text.BEEP_DeInit), (28 bytes).
    Removing hk32f030m_beep.o(.ARM.exidx.text.BEEP_DeInit), (8 bytes).
    Removing hk32f030m_beep.o(.text.BEEP_Init), (88 bytes).
    Removing hk32f030m_beep.o(.ARM.exidx.text.BEEP_Init), (8 bytes).
    Removing hk32f030m_beep.o(.text.BEEP_Cmd), (44 bytes).
    Removing hk32f030m_beep.o(.ARM.exidx.text.BEEP_Cmd), (8 bytes).
    Removing hk32f030m_beep.o(.text.BEEP_ClockSelect), (24 bytes).
    Removing hk32f030m_beep.o(.ARM.exidx.text.BEEP_ClockSelect), (8 bytes).
    Removing hk32f030m_beep.o(.text.BEEP_SetPrescaler), (20 bytes).
    Removing hk32f030m_beep.o(.ARM.exidx.text.BEEP_SetPrescaler), (8 bytes).
    Removing hk32f030m_beep.o(.text.BEEP_SetTRGOPrescaler), (20 bytes).
    Removing hk32f030m_beep.o(.ARM.exidx.text.BEEP_SetTRGOPrescaler), (8 bytes).
    Removing hk32f030m_beep.o(.text.BEEP_ReadBeepStatus), (12 bytes).
    Removing hk32f030m_beep.o(.ARM.exidx.text.BEEP_ReadBeepStatus), (8 bytes).
    Removing hk32f030m_beep.o(.text.BEEP_TRGOCmd), (44 bytes).
    Removing hk32f030m_beep.o(.ARM.exidx.text.BEEP_TRGOCmd), (8 bytes).
    Removing hk32f030m_crc.o(.text), (0 bytes).
    Removing hk32f030m_crc.o(.text.CRC_DeInit), (24 bytes).
    Removing hk32f030m_crc.o(.ARM.exidx.text.CRC_DeInit), (8 bytes).
    Removing hk32f030m_crc.o(.text.CRC_ResetDR), (16 bytes).
    Removing hk32f030m_crc.o(.ARM.exidx.text.CRC_ResetDR), (8 bytes).
    Removing hk32f030m_crc.o(.text.CRC_ReverseInputDataSelect), (20 bytes).
    Removing hk32f030m_crc.o(.ARM.exidx.text.CRC_ReverseInputDataSelect), (8 bytes).
    Removing hk32f030m_crc.o(.text.CRC_ReverseOutputDataCmd), (24 bytes).
    Removing hk32f030m_crc.o(.ARM.exidx.text.CRC_ReverseOutputDataCmd), (8 bytes).
    Removing hk32f030m_crc.o(.text.CRC_SetInitRegister), (12 bytes).
    Removing hk32f030m_crc.o(.ARM.exidx.text.CRC_SetInitRegister), (8 bytes).
    Removing hk32f030m_crc.o(.text.CRC_CalcCRC), (12 bytes).
    Removing hk32f030m_crc.o(.ARM.exidx.text.CRC_CalcCRC), (8 bytes).
    Removing hk32f030m_crc.o(.text.CRC_CalcBlockCRC), (24 bytes).
    Removing hk32f030m_crc.o(.ARM.exidx.text.CRC_CalcBlockCRC), (8 bytes).
    Removing hk32f030m_crc.o(.text.CRC_GetCRC), (12 bytes).
    Removing hk32f030m_crc.o(.ARM.exidx.text.CRC_GetCRC), (8 bytes).
    Removing hk32f030m_crc.o(.text.CRC_SetIDRegister), (12 bytes).
    Removing hk32f030m_crc.o(.ARM.exidx.text.CRC_SetIDRegister), (8 bytes).
    Removing hk32f030m_crc.o(.text.CRC_GetIDRegister), (12 bytes).
    Removing hk32f030m_crc.o(.ARM.exidx.text.CRC_GetIDRegister), (8 bytes).
    Removing hk32f030m_exti.o(.text), (0 bytes).
    Removing hk32f030m_exti.o(.text.EXTI_DeInit), (24 bytes).
    Removing hk32f030m_exti.o(.ARM.exidx.text.EXTI_DeInit), (8 bytes).
    Removing hk32f030m_exti.o(.text.EXTI_Init), (96 bytes).
    Removing hk32f030m_exti.o(.ARM.exidx.text.EXTI_Init), (8 bytes).
    Removing hk32f030m_exti.o(.text.EXTI_StructInit), (14 bytes).
    Removing hk32f030m_exti.o(.ARM.exidx.text.EXTI_StructInit), (8 bytes).
    Removing hk32f030m_exti.o(.text.EXTI_GenerateSWInterrupt), (16 bytes).
    Removing hk32f030m_exti.o(.ARM.exidx.text.EXTI_GenerateSWInterrupt), (8 bytes).
    Removing hk32f030m_exti.o(.text.EXTI_GetFlagStatus), (16 bytes).
    Removing hk32f030m_exti.o(.ARM.exidx.text.EXTI_GetFlagStatus), (8 bytes).
    Removing hk32f030m_exti.o(.text.EXTI_GetITStatus), (28 bytes).
    Removing hk32f030m_exti.o(.ARM.exidx.text.EXTI_GetITStatus), (8 bytes).
    Removing hk32f030m_exti.o(.text.EXTI_ClearFlag), (12 bytes).
    Removing hk32f030m_exti.o(.ARM.exidx.text.EXTI_ClearFlag), (8 bytes).
    Removing hk32f030m_exti.o(.text.EXTI_ClearITPendingBit), (12 bytes).
    Removing hk32f030m_exti.o(.ARM.exidx.text.EXTI_ClearITPendingBit), (8 bytes).
    Removing hk32f030m_flash.o(.text), (0 bytes).
    Removing hk32f030m_flash.o(.text.FLASH_SetLatency), (20 bytes).
    Removing hk32f030m_flash.o(.ARM.exidx.text.FLASH_SetLatency), (8 bytes).
    Removing hk32f030m_flash.o(.text.FLASH_Unlock), (32 bytes).
    Removing hk32f030m_flash.o(.ARM.exidx.text.FLASH_Unlock), (8 bytes).
    Removing hk32f030m_flash.o(.text.FLASH_Lock), (16 bytes).
    Removing hk32f030m_flash.o(.ARM.exidx.text.FLASH_Lock), (8 bytes).
    Removing hk32f030m_flash.o(.text.FLASH_ErasePage), (192 bytes).
    Removing hk32f030m_flash.o(.ARM.exidx.text.FLASH_ErasePage), (8 bytes).
    Removing hk32f030m_flash.o(.text.FLASH_WaitForLastOperation), (100 bytes).
    Removing hk32f030m_flash.o(.ARM.exidx.text.FLASH_WaitForLastOperation), (8 bytes).
    Removing hk32f030m_flash.o(.text.FLASH_EraseAllPages), (184 bytes).
    Removing hk32f030m_flash.o(.ARM.exidx.text.FLASH_EraseAllPages), (8 bytes).
    Removing hk32f030m_flash.o(.text.FLASH_ProgramHalfWord), (180 bytes).
    Removing hk32f030m_flash.o(.ARM.exidx.text.FLASH_ProgramHalfWord), (8 bytes).
    Removing hk32f030m_flash.o(.text.FLASH_ProgramByte), (180 bytes).
    Removing hk32f030m_flash.o(.ARM.exidx.text.FLASH_ProgramByte), (8 bytes).
    Removing hk32f030m_flash.o(.text.FLASH_OB_Unlock), (32 bytes).
    Removing hk32f030m_flash.o(.ARM.exidx.text.FLASH_OB_Unlock), (8 bytes).
    Removing hk32f030m_flash.o(.text.FLASH_OB_Lock), (20 bytes).
    Removing hk32f030m_flash.o(.ARM.exidx.text.FLASH_OB_Lock), (8 bytes).
    Removing hk32f030m_flash.o(.text.FLASH_OB_EraseByte), (192 bytes).
    Removing hk32f030m_flash.o(.ARM.exidx.text.FLASH_OB_EraseByte), (8 bytes).
    Removing hk32f030m_flash.o(.text.FLASH_OB_WRPConfig), (636 bytes).
    Removing hk32f030m_flash.o(.ARM.exidx.text.FLASH_OB_WRPConfig), (8 bytes).
    Removing hk32f030m_flash.o(.text.FLASH_OB_RDPConfig), (412 bytes).
    Removing hk32f030m_flash.o(.ARM.exidx.text.FLASH_OB_RDPConfig), (8 bytes).
    Removing hk32f030m_flash.o(.text.FLASH_OB_UserConfig), (408 bytes).
    Removing hk32f030m_flash.o(.ARM.exidx.text.FLASH_OB_UserConfig), (8 bytes).
    Removing hk32f030m_flash.o(.text.FLASH_OB_IWDG_RLRConfig), (432 bytes).
    Removing hk32f030m_flash.o(.ARM.exidx.text.FLASH_OB_IWDG_RLRConfig), (8 bytes).
    Removing hk32f030m_flash.o(.text.FLASH_OB_LSILPConfig), (332 bytes).
    Removing hk32f030m_flash.o(.ARM.exidx.text.FLASH_OB_LSILPConfig), (8 bytes).
    Removing hk32f030m_flash.o(.text.FLASH_OB_DBGCLKConfig), (332 bytes).
    Removing hk32f030m_flash.o(.ARM.exidx.text.FLASH_OB_DBGCLKConfig), (8 bytes).
    Removing hk32f030m_flash.o(.text.FLASH_OB_WriteUser), (204 bytes).
    Removing hk32f030m_flash.o(.ARM.exidx.text.FLASH_OB_WriteUser), (8 bytes).
    Removing hk32f030m_flash.o(.text.FLASH_OB_ProgramData), (200 bytes).
    Removing hk32f030m_flash.o(.ARM.exidx.text.FLASH_OB_ProgramData), (8 bytes).
    Removing hk32f030m_flash.o(.text.FLASH_OB_GetUser), (16 bytes).
    Removing hk32f030m_flash.o(.ARM.exidx.text.FLASH_OB_GetUser), (8 bytes).
    Removing hk32f030m_flash.o(.text.FLASH_OB_GetWRP), (12 bytes).
    Removing hk32f030m_flash.o(.ARM.exidx.text.FLASH_OB_GetWRP), (8 bytes).
    Removing hk32f030m_flash.o(.text.FLASH_OB_GetRDP), (20 bytes).
    Removing hk32f030m_flash.o(.ARM.exidx.text.FLASH_OB_GetRDP), (8 bytes).
    Removing hk32f030m_flash.o(.text.FLASH_ITConfig), (28 bytes).
    Removing hk32f030m_flash.o(.ARM.exidx.text.FLASH_ITConfig), (8 bytes).
    Removing hk32f030m_flash.o(.text.FLASH_GetFlagStatus), (16 bytes).
    Removing hk32f030m_flash.o(.ARM.exidx.text.FLASH_GetFlagStatus), (8 bytes).
    Removing hk32f030m_flash.o(.text.FLASH_ClearFlag), (12 bytes).
    Removing hk32f030m_flash.o(.ARM.exidx.text.FLASH_ClearFlag), (8 bytes).
    Removing hk32f030m_flash.o(.text.FLASH_GetStatus), (32 bytes).
    Removing hk32f030m_flash.o(.ARM.exidx.text.FLASH_GetStatus), (8 bytes).
    Removing hk32f030m_flash.o(.text.EEPROM_EraseByte), (192 bytes).
    Removing hk32f030m_flash.o(.ARM.exidx.text.EEPROM_EraseByte), (8 bytes).
    Removing hk32f030m_flash.o(.text.EEPROM_ProgramByte), (184 bytes).
    Removing hk32f030m_flash.o(.ARM.exidx.text.EEPROM_ProgramByte), (8 bytes).
    Removing hk32f030m_flash.o(.text.Sys_GetDevice64BitUID), (16 bytes).
    Removing hk32f030m_flash.o(.ARM.exidx.text.Sys_GetDevice64BitUID), (8 bytes).
    Removing hk32f030m_gpio.o(.text), (0 bytes).
    Removing hk32f030m_gpio.o(.text.GPIO_DeInit), (44 bytes).
    Removing hk32f030m_gpio.o(.ARM.exidx.text.GPIO_DeInit), (8 bytes).
    Removing hk32f030m_gpio.o(.ARM.exidx.text.GPIO_Init), (8 bytes).
    Removing hk32f030m_gpio.o(.text.GPIO_StructInit), (16 bytes).
    Removing hk32f030m_gpio.o(.ARM.exidx.text.GPIO_StructInit), (8 bytes).
    Removing hk32f030m_gpio.o(.text.GPIO_PinLockConfig), (36 bytes).
    Removing hk32f030m_gpio.o(.ARM.exidx.text.GPIO_PinLockConfig), (8 bytes).
    Removing hk32f030m_gpio.o(.text.GPIO_ReadInputDataBit), (10 bytes).
    Removing hk32f030m_gpio.o(.ARM.exidx.text.GPIO_ReadInputDataBit), (8 bytes).
    Removing hk32f030m_gpio.o(.text.GPIO_ReadInputData), (6 bytes).
    Removing hk32f030m_gpio.o(.ARM.exidx.text.GPIO_ReadInputData), (8 bytes).
    Removing hk32f030m_gpio.o(.text.GPIO_ReadOutputDataBit), (10 bytes).
    Removing hk32f030m_gpio.o(.ARM.exidx.text.GPIO_ReadOutputDataBit), (8 bytes).
    Removing hk32f030m_gpio.o(.text.GPIO_ReadOutputData), (6 bytes).
    Removing hk32f030m_gpio.o(.ARM.exidx.text.GPIO_ReadOutputData), (8 bytes).
    Removing hk32f030m_gpio.o(.text.GPIO_SetBits), (4 bytes).
    Removing hk32f030m_gpio.o(.ARM.exidx.text.GPIO_SetBits), (8 bytes).
    Removing hk32f030m_gpio.o(.text.GPIO_ResetBits), (4 bytes).
    Removing hk32f030m_gpio.o(.ARM.exidx.text.GPIO_ResetBits), (8 bytes).
    Removing hk32f030m_gpio.o(.text.GPIO_WriteBit), (16 bytes).
    Removing hk32f030m_gpio.o(.ARM.exidx.text.GPIO_WriteBit), (8 bytes).
    Removing hk32f030m_gpio.o(.text.GPIO_Write), (4 bytes).
    Removing hk32f030m_gpio.o(.ARM.exidx.text.GPIO_Write), (8 bytes).
    Removing hk32f030m_gpio.o(.text.GPIO_Toggle), (8 bytes).
    Removing hk32f030m_gpio.o(.ARM.exidx.text.GPIO_Toggle), (8 bytes).
    Removing hk32f030m_gpio.o(.ARM.exidx.text.GPIO_PinAFConfig), (8 bytes).
    Removing hk32f030m_gpio.o(.text.GPIO_IOMUX_PinAFConfig), (116 bytes).
    Removing hk32f030m_gpio.o(.ARM.exidx.text.GPIO_IOMUX_PinAFConfig), (8 bytes).
    Removing hk32f030m_gpio.o(.text.GPIO_IOMUX_ChangePin), (28 bytes).
    Removing hk32f030m_gpio.o(.ARM.exidx.text.GPIO_IOMUX_ChangePin), (8 bytes).
    Removing hk32f030m_gpio.o(.text.GPIO_IOMUX_SetTIM2CN1_Source), (12 bytes).
    Removing hk32f030m_gpio.o(.ARM.exidx.text.GPIO_IOMUX_SetTIM2CN1_Source), (8 bytes).
    Removing hk32f030m_gpio.o(.rodata.cst16), (16 bytes).
    Removing hk32f030m_i2c.o(.text), (0 bytes).
    Removing hk32f030m_i2c.o(.text.I2C_DeInit), (36 bytes).
    Removing hk32f030m_i2c.o(.ARM.exidx.text.I2C_DeInit), (8 bytes).
    Removing hk32f030m_i2c.o(.text.I2C_Init), (96 bytes).
    Removing hk32f030m_i2c.o(.ARM.exidx.text.I2C_Init), (8 bytes).
    Removing hk32f030m_i2c.o(.text.I2C_StructInit), (22 bytes).
    Removing hk32f030m_i2c.o(.ARM.exidx.text.I2C_StructInit), (8 bytes).
    Removing hk32f030m_i2c.o(.text.I2C_Cmd), (16 bytes).
    Removing hk32f030m_i2c.o(.ARM.exidx.text.I2C_Cmd), (8 bytes).
    Removing hk32f030m_i2c.o(.text.I2C_SoftwareResetCmd), (18 bytes).
    Removing hk32f030m_i2c.o(.ARM.exidx.text.I2C_SoftwareResetCmd), (8 bytes).
    Removing hk32f030m_i2c.o(.text.I2C_ITConfig), (20 bytes).
    Removing hk32f030m_i2c.o(.ARM.exidx.text.I2C_ITConfig), (8 bytes).
    Removing hk32f030m_i2c.o(.text.I2C_StretchClockCmd), (20 bytes).
    Removing hk32f030m_i2c.o(.ARM.exidx.text.I2C_StretchClockCmd), (8 bytes).
    Removing hk32f030m_i2c.o(.text.I2C_StopModeCmd), (20 bytes).
    Removing hk32f030m_i2c.o(.ARM.exidx.text.I2C_StopModeCmd), (8 bytes).
    Removing hk32f030m_i2c.o(.text.I2C_DualAddressCmd), (20 bytes).
    Removing hk32f030m_i2c.o(.ARM.exidx.text.I2C_DualAddressCmd), (8 bytes).
    Removing hk32f030m_i2c.o(.text.I2C_OwnAddress2Config), (28 bytes).
    Removing hk32f030m_i2c.o(.ARM.exidx.text.I2C_OwnAddress2Config), (8 bytes).
    Removing hk32f030m_i2c.o(.text.I2C_GeneralCallCmd), (20 bytes).
    Removing hk32f030m_i2c.o(.ARM.exidx.text.I2C_GeneralCallCmd), (8 bytes).
    Removing hk32f030m_i2c.o(.text.I2C_SlaveByteControlCmd), (20 bytes).
    Removing hk32f030m_i2c.o(.ARM.exidx.text.I2C_SlaveByteControlCmd), (8 bytes).
    Removing hk32f030m_i2c.o(.text.I2C_SlaveAddressConfig), (24 bytes).
    Removing hk32f030m_i2c.o(.ARM.exidx.text.I2C_SlaveAddressConfig), (8 bytes).
    Removing hk32f030m_i2c.o(.text.I2C_10BitAddressingModeCmd), (20 bytes).
    Removing hk32f030m_i2c.o(.ARM.exidx.text.I2C_10BitAddressingModeCmd), (8 bytes).
    Removing hk32f030m_i2c.o(.text.I2C_AutoEndCmd), (20 bytes).
    Removing hk32f030m_i2c.o(.ARM.exidx.text.I2C_AutoEndCmd), (8 bytes).
    Removing hk32f030m_i2c.o(.text.I2C_ReloadCmd), (20 bytes).
    Removing hk32f030m_i2c.o(.ARM.exidx.text.I2C_ReloadCmd), (8 bytes).
    Removing hk32f030m_i2c.o(.text.I2C_NumberOfBytesConfig), (16 bytes).
    Removing hk32f030m_i2c.o(.ARM.exidx.text.I2C_NumberOfBytesConfig), (8 bytes).
    Removing hk32f030m_i2c.o(.text.I2C_MasterRequestConfig), (20 bytes).
    Removing hk32f030m_i2c.o(.ARM.exidx.text.I2C_MasterRequestConfig), (8 bytes).
    Removing hk32f030m_i2c.o(.text.I2C_GenerateSTART), (20 bytes).
    Removing hk32f030m_i2c.o(.ARM.exidx.text.I2C_GenerateSTART), (8 bytes).
    Removing hk32f030m_i2c.o(.text.I2C_GenerateSTOP), (20 bytes).
    Removing hk32f030m_i2c.o(.ARM.exidx.text.I2C_GenerateSTOP), (8 bytes).
    Removing hk32f030m_i2c.o(.text.I2C_10BitAddressHeaderCmd), (20 bytes).
    Removing hk32f030m_i2c.o(.ARM.exidx.text.I2C_10BitAddressHeaderCmd), (8 bytes).
    Removing hk32f030m_i2c.o(.text.I2C_AcknowledgeConfig), (20 bytes).
    Removing hk32f030m_i2c.o(.ARM.exidx.text.I2C_AcknowledgeConfig), (8 bytes).
    Removing hk32f030m_i2c.o(.text.I2C_GetAddressMatched), (10 bytes).
    Removing hk32f030m_i2c.o(.ARM.exidx.text.I2C_GetAddressMatched), (8 bytes).
    Removing hk32f030m_i2c.o(.text.I2C_GetTransferDirection), (12 bytes).
    Removing hk32f030m_i2c.o(.ARM.exidx.text.I2C_GetTransferDirection), (8 bytes).
    Removing hk32f030m_i2c.o(.text.I2C_TransferHandling), (36 bytes).
    Removing hk32f030m_i2c.o(.ARM.exidx.text.I2C_TransferHandling), (8 bytes).
    Removing hk32f030m_i2c.o(.text.I2C_SMBusAlertCmd), (20 bytes).
    Removing hk32f030m_i2c.o(.ARM.exidx.text.I2C_SMBusAlertCmd), (8 bytes).
    Removing hk32f030m_i2c.o(.text.I2C_ClockTimeoutCmd), (20 bytes).
    Removing hk32f030m_i2c.o(.ARM.exidx.text.I2C_ClockTimeoutCmd), (8 bytes).
    Removing hk32f030m_i2c.o(.text.I2C_ExtendedClockTimeoutCmd), (24 bytes).
    Removing hk32f030m_i2c.o(.ARM.exidx.text.I2C_ExtendedClockTimeoutCmd), (8 bytes).
    Removing hk32f030m_i2c.o(.text.I2C_IdleClockTimeoutCmd), (20 bytes).
    Removing hk32f030m_i2c.o(.ARM.exidx.text.I2C_IdleClockTimeoutCmd), (8 bytes).
    Removing hk32f030m_i2c.o(.text.I2C_TimeoutAConfig), (24 bytes).
    Removing hk32f030m_i2c.o(.ARM.exidx.text.I2C_TimeoutAConfig), (8 bytes).
    Removing hk32f030m_i2c.o(.text.I2C_TimeoutBConfig), (20 bytes).
    Removing hk32f030m_i2c.o(.ARM.exidx.text.I2C_TimeoutBConfig), (8 bytes).
    Removing hk32f030m_i2c.o(.text.I2C_CalculatePEC), (20 bytes).
    Removing hk32f030m_i2c.o(.ARM.exidx.text.I2C_CalculatePEC), (8 bytes).
    Removing hk32f030m_i2c.o(.text.I2C_PECRequestCmd), (20 bytes).
    Removing hk32f030m_i2c.o(.ARM.exidx.text.I2C_PECRequestCmd), (8 bytes).
    Removing hk32f030m_i2c.o(.text.I2C_GetPEC), (6 bytes).
    Removing hk32f030m_i2c.o(.ARM.exidx.text.I2C_GetPEC), (8 bytes).
    Removing hk32f030m_i2c.o(.text.I2C_ReadRegister), (22 bytes).
    Removing hk32f030m_i2c.o(.ARM.exidx.text.I2C_ReadRegister), (8 bytes).
    Removing hk32f030m_i2c.o(.text.I2C_SendData), (4 bytes).
    Removing hk32f030m_i2c.o(.ARM.exidx.text.I2C_SendData), (8 bytes).
    Removing hk32f030m_i2c.o(.text.I2C_ReceiveData), (6 bytes).
    Removing hk32f030m_i2c.o(.ARM.exidx.text.I2C_ReceiveData), (8 bytes).
    Removing hk32f030m_i2c.o(.text.I2C_GetFlagStatus), (10 bytes).
    Removing hk32f030m_i2c.o(.ARM.exidx.text.I2C_GetFlagStatus), (8 bytes).
    Removing hk32f030m_i2c.o(.text.I2C_ClearFlag), (4 bytes).
    Removing hk32f030m_i2c.o(.ARM.exidx.text.I2C_ClearFlag), (8 bytes).
    Removing hk32f030m_i2c.o(.text.I2C_GetITStatus), (48 bytes).
    Removing hk32f030m_i2c.o(.ARM.exidx.text.I2C_GetITStatus), (8 bytes).
    Removing hk32f030m_i2c.o(.text.I2C_ClearITPendingBit), (4 bytes).
    Removing hk32f030m_i2c.o(.ARM.exidx.text.I2C_ClearITPendingBit), (8 bytes).
    Removing hk32f030m_iwdg.o(.text), (0 bytes).
    Removing hk32f030m_iwdg.o(.text.IWDG_WriteAccessCmd), (12 bytes).
    Removing hk32f030m_iwdg.o(.ARM.exidx.text.IWDG_WriteAccessCmd), (8 bytes).
    Removing hk32f030m_iwdg.o(.text.IWDG_SetPrescaler), (12 bytes).
    Removing hk32f030m_iwdg.o(.ARM.exidx.text.IWDG_SetPrescaler), (8 bytes).
    Removing hk32f030m_iwdg.o(.text.IWDG_SetReload), (12 bytes).
    Removing hk32f030m_iwdg.o(.ARM.exidx.text.IWDG_SetReload), (8 bytes).
    Removing hk32f030m_iwdg.o(.text.IWDG_ReloadCounter), (16 bytes).
    Removing hk32f030m_iwdg.o(.ARM.exidx.text.IWDG_ReloadCounter), (8 bytes).
    Removing hk32f030m_iwdg.o(.text.IWDG_SetWindowValue), (12 bytes).
    Removing hk32f030m_iwdg.o(.ARM.exidx.text.IWDG_SetWindowValue), (8 bytes).
    Removing hk32f030m_iwdg.o(.text.IWDG_Enable), (16 bytes).
    Removing hk32f030m_iwdg.o(.ARM.exidx.text.IWDG_Enable), (8 bytes).
    Removing hk32f030m_iwdg.o(.text.IWDG_GetFlagStatus), (16 bytes).
    Removing hk32f030m_iwdg.o(.ARM.exidx.text.IWDG_GetFlagStatus), (8 bytes).
    Removing hk32f030m_misc.o(.text), (0 bytes).
    Removing hk32f030m_misc.o(.text.NVIC_Init), (80 bytes).
    Removing hk32f030m_misc.o(.ARM.exidx.text.NVIC_Init), (8 bytes).
    Removing hk32f030m_misc.o(.text.NVIC_SystemLPConfig), (28 bytes).
    Removing hk32f030m_misc.o(.ARM.exidx.text.NVIC_SystemLPConfig), (8 bytes).
    Removing hk32f030m_misc.o(.ARM.exidx.text.SysTick_CLKSourceConfig), (8 bytes).
    Removing hk32f030m_pwr.o(.text), (0 bytes).
    Removing hk32f030m_pwr.o(.text.PWR_DeInit), (22 bytes).
    Removing hk32f030m_pwr.o(.ARM.exidx.text.PWR_DeInit), (8 bytes).
    Removing hk32f030m_pwr.o(.text.PWR_EnterSleepMode), (32 bytes).
    Removing hk32f030m_pwr.o(.ARM.exidx.text.PWR_EnterSleepMode), (8 bytes).
    Removing hk32f030m_pwr.o(.text.PWR_EnterDeepSleepMode), (136 bytes).
    Removing hk32f030m_pwr.o(.ARM.exidx.text.PWR_EnterDeepSleepMode), (8 bytes).
    Removing hk32f030m_pwr.o(.text.PWR_EnterStopMode), (84 bytes).
    Removing hk32f030m_pwr.o(.ARM.exidx.text.PWR_EnterStopMode), (8 bytes).
    Removing hk32f030m_pwr.o(.text.PWR_SetLDO_RefVolToADC), (28 bytes).
    Removing hk32f030m_pwr.o(.ARM.exidx.text.PWR_SetLDO_RefVolToADC), (8 bytes).
    Removing hk32f030m_rcc.o(.text), (0 bytes).
    Removing hk32f030m_rcc.o(.text.RCC_DeInit), (40 bytes).
    Removing hk32f030m_rcc.o(.ARM.exidx.text.RCC_DeInit), (8 bytes).
    Removing hk32f030m_rcc.o(.text.RCC_WaitForStartUp), (92 bytes).
    Removing hk32f030m_rcc.o(.ARM.exidx.text.RCC_WaitForStartUp), (8 bytes).
    Removing hk32f030m_rcc.o(.text.RCC_GetFlagStatus), (40 bytes).
    Removing hk32f030m_rcc.o(.ARM.exidx.text.RCC_GetFlagStatus), (8 bytes).
    Removing hk32f030m_rcc.o(.text.RCC_AdjustHSICalibrationValue), (20 bytes).
    Removing hk32f030m_rcc.o(.ARM.exidx.text.RCC_AdjustHSICalibrationValue), (8 bytes).
    Removing hk32f030m_rcc.o(.text.RCC_HSICmd), (24 bytes).
    Removing hk32f030m_rcc.o(.ARM.exidx.text.RCC_HSICmd), (8 bytes).
    Removing hk32f030m_rcc.o(.text.RCC_LSICmd), (24 bytes).
    Removing hk32f030m_rcc.o(.ARM.exidx.text.RCC_LSICmd), (8 bytes).
    Removing hk32f030m_rcc.o(.text.RCC_EXTCmd), (88 bytes).
    Removing hk32f030m_rcc.o(.ARM.exidx.text.RCC_EXTCmd), (8 bytes).
    Removing hk32f030m_rcc.o(.ARM.exidx.text.RCC_AHBPeriphClockCmd), (8 bytes).
    Removing hk32f030m_rcc.o(.text.RCC_ClockSecuritySystemCmd), (28 bytes).
    Removing hk32f030m_rcc.o(.ARM.exidx.text.RCC_ClockSecuritySystemCmd), (8 bytes).
    Removing hk32f030m_rcc.o(.text.RCC_MCOConfig), (28 bytes).
    Removing hk32f030m_rcc.o(.ARM.exidx.text.RCC_MCOConfig), (8 bytes).
    Removing hk32f030m_rcc.o(.text.RCC_SYSCLKConfig), (20 bytes).
    Removing hk32f030m_rcc.o(.ARM.exidx.text.RCC_SYSCLKConfig), (8 bytes).
    Removing hk32f030m_rcc.o(.text.RCC_GetSYSCLKSource), (16 bytes).
    Removing hk32f030m_rcc.o(.ARM.exidx.text.RCC_GetSYSCLKSource), (8 bytes).
    Removing hk32f030m_rcc.o(.text.RCC_HCLKConfig), (20 bytes).
    Removing hk32f030m_rcc.o(.ARM.exidx.text.RCC_HCLKConfig), (8 bytes).
    Removing hk32f030m_rcc.o(.text.RCC_PCLKConfig), (20 bytes).
    Removing hk32f030m_rcc.o(.ARM.exidx.text.RCC_PCLKConfig), (8 bytes).
    Removing hk32f030m_rcc.o(.text.RCC_ADCCLKConfig), (64 bytes).
    Removing hk32f030m_rcc.o(.ARM.exidx.text.RCC_ADCCLKConfig), (8 bytes).
    Removing hk32f030m_rcc.o(.text.RCC_I2CCLKConfig), (24 bytes).
    Removing hk32f030m_rcc.o(.ARM.exidx.text.RCC_I2CCLKConfig), (8 bytes).
    Removing hk32f030m_rcc.o(.text.RCC_USARTCLKConfig), (24 bytes).
    Removing hk32f030m_rcc.o(.ARM.exidx.text.RCC_USARTCLKConfig), (8 bytes).
    Removing hk32f030m_rcc.o(.text.RCC_GetClocksFreq), (200 bytes).
    Removing hk32f030m_rcc.o(.ARM.exidx.text.RCC_GetClocksFreq), (8 bytes).
    Removing hk32f030m_rcc.o(.ARM.exidx.text.RCC_APB2PeriphClockCmd), (8 bytes).
    Removing hk32f030m_rcc.o(.text.RCC_APB1PeriphClockCmd), (28 bytes).
    Removing hk32f030m_rcc.o(.ARM.exidx.text.RCC_APB1PeriphClockCmd), (8 bytes).
    Removing hk32f030m_rcc.o(.text.RCC_AHBPeriphResetCmd), (28 bytes).
    Removing hk32f030m_rcc.o(.ARM.exidx.text.RCC_AHBPeriphResetCmd), (8 bytes).
    Removing hk32f030m_rcc.o(.text.RCC_APB2PeriphResetCmd), (28 bytes).
    Removing hk32f030m_rcc.o(.ARM.exidx.text.RCC_APB2PeriphResetCmd), (8 bytes).
    Removing hk32f030m_rcc.o(.text.RCC_APB1PeriphResetCmd), (28 bytes).
    Removing hk32f030m_rcc.o(.ARM.exidx.text.RCC_APB1PeriphResetCmd), (8 bytes).
    Removing hk32f030m_rcc.o(.text.RCC_ITConfig), (28 bytes).
    Removing hk32f030m_rcc.o(.ARM.exidx.text.RCC_ITConfig), (8 bytes).
    Removing hk32f030m_rcc.o(.text.RCC_ClearFlag), (20 bytes).
    Removing hk32f030m_rcc.o(.ARM.exidx.text.RCC_ClearFlag), (8 bytes).
    Removing hk32f030m_rcc.o(.text.RCC_GetITStatus), (16 bytes).
    Removing hk32f030m_rcc.o(.ARM.exidx.text.RCC_GetITStatus), (8 bytes).
    Removing hk32f030m_rcc.o(.text.RCC_ClearITPendingBit), (12 bytes).
    Removing hk32f030m_rcc.o(.ARM.exidx.text.RCC_ClearITPendingBit), (8 bytes).
    Removing hk32f030m_rcc.o(.rodata.AHBPrescTable), (32 bytes).
    Removing hk32f030m_rcc.o(.rodata.APBPrescTable), (8 bytes).
    Removing hk32f030m_spi.o(.text), (0 bytes).
    Removing hk32f030m_spi.o(.text.SPI_I2S_DeInit), (36 bytes).
    Removing hk32f030m_spi.o(.ARM.exidx.text.SPI_I2S_DeInit), (8 bytes).
    Removing hk32f030m_spi.o(.text.SPI_StructInit), (26 bytes).
    Removing hk32f030m_spi.o(.ARM.exidx.text.SPI_StructInit), (8 bytes).
    Removing hk32f030m_spi.o(.text.SPI_Init), (88 bytes).
    Removing hk32f030m_spi.o(.ARM.exidx.text.SPI_Init), (8 bytes).
    Removing hk32f030m_spi.o(.text.I2S_StructInit), (14 bytes).
    Removing hk32f030m_spi.o(.ARM.exidx.text.I2S_StructInit), (8 bytes).
    Removing hk32f030m_spi.o(.text.I2S_Init), (184 bytes).
    Removing hk32f030m_spi.o(.ARM.exidx.text.I2S_Init), (8 bytes).
    Removing hk32f030m_spi.o(.text.SPI_Cmd), (28 bytes).
    Removing hk32f030m_spi.o(.ARM.exidx.text.SPI_Cmd), (8 bytes).
    Removing hk32f030m_spi.o(.text.SPI_TIModeCmd), (28 bytes).
    Removing hk32f030m_spi.o(.ARM.exidx.text.SPI_TIModeCmd), (8 bytes).
    Removing hk32f030m_spi.o(.text.I2S_Cmd), (28 bytes).
    Removing hk32f030m_spi.o(.ARM.exidx.text.I2S_Cmd), (8 bytes).
    Removing hk32f030m_spi.o(.text.SPI_DataSizeConfig), (16 bytes).
    Removing hk32f030m_spi.o(.ARM.exidx.text.SPI_DataSizeConfig), (8 bytes).
    Removing hk32f030m_spi.o(.text.SPI_RxFIFOThresholdConfig), (20 bytes).
    Removing hk32f030m_spi.o(.ARM.exidx.text.SPI_RxFIFOThresholdConfig), (8 bytes).
    Removing hk32f030m_spi.o(.text.SPI_BiDirectionalLineConfig), (28 bytes).
    Removing hk32f030m_spi.o(.ARM.exidx.text.SPI_BiDirectionalLineConfig), (8 bytes).
    Removing hk32f030m_spi.o(.text.SPI_NSSInternalSoftwareConfig), (28 bytes).
    Removing hk32f030m_spi.o(.ARM.exidx.text.SPI_NSSInternalSoftwareConfig), (8 bytes).
    Removing hk32f030m_spi.o(.text.SPI_SSOutputCmd), (28 bytes).
    Removing hk32f030m_spi.o(.ARM.exidx.text.SPI_SSOutputCmd), (8 bytes).
    Removing hk32f030m_spi.o(.text.SPI_NSSPulseModeCmd), (28 bytes).
    Removing hk32f030m_spi.o(.ARM.exidx.text.SPI_NSSPulseModeCmd), (8 bytes).
    Removing hk32f030m_spi.o(.text.SPI_SendData8), (4 bytes).
    Removing hk32f030m_spi.o(.ARM.exidx.text.SPI_SendData8), (8 bytes).
    Removing hk32f030m_spi.o(.text.SPI_I2S_SendData16), (4 bytes).
    Removing hk32f030m_spi.o(.ARM.exidx.text.SPI_I2S_SendData16), (8 bytes).
    Removing hk32f030m_spi.o(.text.SPI_ReceiveData8), (4 bytes).
    Removing hk32f030m_spi.o(.ARM.exidx.text.SPI_ReceiveData8), (8 bytes).
    Removing hk32f030m_spi.o(.text.SPI_I2S_ReceiveData16), (6 bytes).
    Removing hk32f030m_spi.o(.ARM.exidx.text.SPI_I2S_ReceiveData16), (8 bytes).
    Removing hk32f030m_spi.o(.text.SPI_CRCLengthConfig), (20 bytes).
    Removing hk32f030m_spi.o(.ARM.exidx.text.SPI_CRCLengthConfig), (8 bytes).
    Removing hk32f030m_spi.o(.text.SPI_CalculateCRC), (28 bytes).
    Removing hk32f030m_spi.o(.ARM.exidx.text.SPI_CalculateCRC), (8 bytes).
    Removing hk32f030m_spi.o(.text.SPI_TransmitCRC), (12 bytes).
    Removing hk32f030m_spi.o(.ARM.exidx.text.SPI_TransmitCRC), (8 bytes).
    Removing hk32f030m_spi.o(.text.SPI_GetCRC), (16 bytes).
    Removing hk32f030m_spi.o(.ARM.exidx.text.SPI_GetCRC), (8 bytes).
    Removing hk32f030m_spi.o(.text.SPI_GetCRCPolynomial), (6 bytes).
    Removing hk32f030m_spi.o(.ARM.exidx.text.SPI_GetCRCPolynomial), (8 bytes).
    Removing hk32f030m_spi.o(.text.SPI_I2S_ITConfig), (36 bytes).
    Removing hk32f030m_spi.o(.ARM.exidx.text.SPI_I2S_ITConfig), (8 bytes).
    Removing hk32f030m_spi.o(.text.SPI_GetTransmissionFIFOStatus), (10 bytes).
    Removing hk32f030m_spi.o(.ARM.exidx.text.SPI_GetTransmissionFIFOStatus), (8 bytes).
    Removing hk32f030m_spi.o(.text.SPI_GetReceptionFIFOStatus), (10 bytes).
    Removing hk32f030m_spi.o(.ARM.exidx.text.SPI_GetReceptionFIFOStatus), (8 bytes).
    Removing hk32f030m_spi.o(.text.SPI_I2S_GetFlagStatus), (10 bytes).
    Removing hk32f030m_spi.o(.ARM.exidx.text.SPI_I2S_GetFlagStatus), (8 bytes).
    Removing hk32f030m_spi.o(.text.SPI_I2S_ClearFlag), (12 bytes).
    Removing hk32f030m_spi.o(.ARM.exidx.text.SPI_I2S_ClearFlag), (8 bytes).
    Removing hk32f030m_spi.o(.text.SPI_I2S_GetITStatus), (22 bytes).
    Removing hk32f030m_spi.o(.ARM.exidx.text.SPI_I2S_GetITStatus), (8 bytes).
    Removing hk32f030m_syscfg.o(.text), (0 bytes).
    Removing hk32f030m_syscfg.o(.text.SYSCFG_DeInit), (22 bytes).
    Removing hk32f030m_syscfg.o(.ARM.exidx.text.SYSCFG_DeInit), (8 bytes).
    Removing hk32f030m_syscfg.o(.text.SYSCFG_Lockup_Tim1BreakConfig), (24 bytes).
    Removing hk32f030m_syscfg.o(.ARM.exidx.text.SYSCFG_Lockup_Tim1BreakConfig), (8 bytes).
    Removing hk32f030m_syscfg.o(.text.SYSCFG_MemoryRemapConfig), (28 bytes).
    Removing hk32f030m_syscfg.o(.ARM.exidx.text.SYSCFG_MemoryRemapConfig), (8 bytes).
    Removing hk32f030m_syscfg.o(.text.SYSCFG_EXTILineConfig), (36 bytes).
    Removing hk32f030m_syscfg.o(.ARM.exidx.text.SYSCFG_EXTILineConfig), (8 bytes).
    Removing hk32f030m_tim.o(.text), (0 bytes).
    Removing hk32f030m_tim.o(.text.TIM_DeInit), (88 bytes).
    Removing hk32f030m_tim.o(.ARM.exidx.text.TIM_DeInit), (8 bytes).
    Removing hk32f030m_tim.o(.ARM.exidx.text.TIM_TimeBaseInit), (8 bytes).
    Removing hk32f030m_tim.o(.text.TIM_TimeBaseStructInit), (12 bytes).
    Removing hk32f030m_tim.o(.ARM.exidx.text.TIM_TimeBaseStructInit), (8 bytes).
    Removing hk32f030m_tim.o(.text.TIM_PrescalerConfig), (6 bytes).
    Removing hk32f030m_tim.o(.ARM.exidx.text.TIM_PrescalerConfig), (8 bytes).
    Removing hk32f030m_tim.o(.text.TIM_CounterModeConfig), (16 bytes).
    Removing hk32f030m_tim.o(.ARM.exidx.text.TIM_CounterModeConfig), (8 bytes).
    Removing hk32f030m_tim.o(.text.TIM_SetCounter), (4 bytes).
    Removing hk32f030m_tim.o(.ARM.exidx.text.TIM_SetCounter), (8 bytes).
    Removing hk32f030m_tim.o(.text.TIM_SetAutoreload), (4 bytes).
    Removing hk32f030m_tim.o(.ARM.exidx.text.TIM_SetAutoreload), (8 bytes).
    Removing hk32f030m_tim.o(.text.TIM_GetCounter), (4 bytes).
    Removing hk32f030m_tim.o(.ARM.exidx.text.TIM_GetCounter), (8 bytes).
    Removing hk32f030m_tim.o(.text.TIM_GetPrescaler), (6 bytes).
    Removing hk32f030m_tim.o(.ARM.exidx.text.TIM_GetPrescaler), (8 bytes).
    Removing hk32f030m_tim.o(.text.TIM_UpdateDisableConfig), (28 bytes).
    Removing hk32f030m_tim.o(.ARM.exidx.text.TIM_UpdateDisableConfig), (8 bytes).
    Removing hk32f030m_tim.o(.text.TIM_UpdateRequestConfig), (28 bytes).
    Removing hk32f030m_tim.o(.ARM.exidx.text.TIM_UpdateRequestConfig), (8 bytes).
    Removing hk32f030m_tim.o(.text.TIM_ARRPreloadConfig), (28 bytes).
    Removing hk32f030m_tim.o(.ARM.exidx.text.TIM_ARRPreloadConfig), (8 bytes).
    Removing hk32f030m_tim.o(.text.TIM_SelectOnePulseMode), (20 bytes).
    Removing hk32f030m_tim.o(.ARM.exidx.text.TIM_SelectOnePulseMode), (8 bytes).
    Removing hk32f030m_tim.o(.text.TIM_SetClockDivision), (20 bytes).
    Removing hk32f030m_tim.o(.ARM.exidx.text.TIM_SetClockDivision), (8 bytes).
    Removing hk32f030m_tim.o(.ARM.exidx.text.TIM_Cmd), (8 bytes).
    Removing hk32f030m_tim.o(.text.TIM_BDTRConfig), (30 bytes).
    Removing hk32f030m_tim.o(.ARM.exidx.text.TIM_BDTRConfig), (8 bytes).
    Removing hk32f030m_tim.o(.text.TIM_BDTRStructInit), (18 bytes).
    Removing hk32f030m_tim.o(.ARM.exidx.text.TIM_BDTRStructInit), (8 bytes).
    Removing hk32f030m_tim.o(.ARM.exidx.text.TIM_CtrlPWMOutputs), (8 bytes).
    Removing hk32f030m_tim.o(.text.TIM_OC1Init), (104 bytes).
    Removing hk32f030m_tim.o(.ARM.exidx.text.TIM_OC1Init), (8 bytes).
    Removing hk32f030m_tim.o(.ARM.exidx.text.TIM_OC2Init), (8 bytes).
    Removing hk32f030m_tim.o(.text.TIM_OC3Init), (120 bytes).
    Removing hk32f030m_tim.o(.ARM.exidx.text.TIM_OC3Init), (8 bytes).
    Removing hk32f030m_tim.o(.text.TIM_OC4Init), (108 bytes).
    Removing hk32f030m_tim.o(.ARM.exidx.text.TIM_OC4Init), (8 bytes).
    Removing hk32f030m_tim.o(.text.TIM_OCStructInit), (14 bytes).
    Removing hk32f030m_tim.o(.ARM.exidx.text.TIM_OCStructInit), (8 bytes).
    Removing hk32f030m_tim.o(.text.TIM_SelectOCxM), (68 bytes).
    Removing hk32f030m_tim.o(.ARM.exidx.text.TIM_SelectOCxM), (8 bytes).
    Removing hk32f030m_tim.o(.text.TIM_SetCompare1), (4 bytes).
    Removing hk32f030m_tim.o(.ARM.exidx.text.TIM_SetCompare1), (8 bytes).
    Removing hk32f030m_tim.o(.text.TIM_SetCompare2), (4 bytes).
    Removing hk32f030m_tim.o(.ARM.exidx.text.TIM_SetCompare2), (8 bytes).
    Removing hk32f030m_tim.o(.text.TIM_SetCompare3), (4 bytes).
    Removing hk32f030m_tim.o(.ARM.exidx.text.TIM_SetCompare3), (8 bytes).
    Removing hk32f030m_tim.o(.text.TIM_SetCompare4), (4 bytes).
    Removing hk32f030m_tim.o(.ARM.exidx.text.TIM_SetCompare4), (8 bytes).
    Removing hk32f030m_tim.o(.text.TIM_ForcedOC1Config), (16 bytes).
    Removing hk32f030m_tim.o(.ARM.exidx.text.TIM_ForcedOC1Config), (8 bytes).
    Removing hk32f030m_tim.o(.text.TIM_ForcedOC2Config), (20 bytes).
    Removing hk32f030m_tim.o(.ARM.exidx.text.TIM_ForcedOC2Config), (8 bytes).
    Removing hk32f030m_tim.o(.text.TIM_ForcedOC3Config), (16 bytes).
    Removing hk32f030m_tim.o(.ARM.exidx.text.TIM_ForcedOC3Config), (8 bytes).
    Removing hk32f030m_tim.o(.text.TIM_ForcedOC4Config), (20 bytes).
    Removing hk32f030m_tim.o(.ARM.exidx.text.TIM_ForcedOC4Config), (8 bytes).
    Removing hk32f030m_tim.o(.text.TIM_CCPreloadControl), (28 bytes).
    Removing hk32f030m_tim.o(.ARM.exidx.text.TIM_CCPreloadControl), (8 bytes).
    Removing hk32f030m_tim.o(.text.TIM_OC1PreloadConfig), (16 bytes).
    Removing hk32f030m_tim.o(.ARM.exidx.text.TIM_OC1PreloadConfig), (8 bytes).
    Removing hk32f030m_tim.o(.ARM.exidx.text.TIM_OC2PreloadConfig), (8 bytes).
    Removing hk32f030m_tim.o(.text.TIM_OC3PreloadConfig), (16 bytes).
    Removing hk32f030m_tim.o(.ARM.exidx.text.TIM_OC3PreloadConfig), (8 bytes).
    Removing hk32f030m_tim.o(.text.TIM_OC4PreloadConfig), (20 bytes).
    Removing hk32f030m_tim.o(.ARM.exidx.text.TIM_OC4PreloadConfig), (8 bytes).
    Removing hk32f030m_tim.o(.text.TIM_OC1FastConfig), (16 bytes).
    Removing hk32f030m_tim.o(.ARM.exidx.text.TIM_OC1FastConfig), (8 bytes).
    Removing hk32f030m_tim.o(.text.TIM_OC2FastConfig), (20 bytes).
    Removing hk32f030m_tim.o(.ARM.exidx.text.TIM_OC2FastConfig), (8 bytes).
    Removing hk32f030m_tim.o(.text.TIM_OC3FastConfig), (16 bytes).
    Removing hk32f030m_tim.o(.ARM.exidx.text.TIM_OC3FastConfig), (8 bytes).
    Removing hk32f030m_tim.o(.text.TIM_OC4FastConfig), (20 bytes).
    Removing hk32f030m_tim.o(.ARM.exidx.text.TIM_OC4FastConfig), (8 bytes).
    Removing hk32f030m_tim.o(.text.TIM_ClearOC1Ref), (16 bytes).
    Removing hk32f030m_tim.o(.ARM.exidx.text.TIM_ClearOC1Ref), (8 bytes).
    Removing hk32f030m_tim.o(.text.TIM_ClearOC2Ref), (20 bytes).
    Removing hk32f030m_tim.o(.ARM.exidx.text.TIM_ClearOC2Ref), (8 bytes).
    Removing hk32f030m_tim.o(.text.TIM_ClearOC3Ref), (16 bytes).
    Removing hk32f030m_tim.o(.ARM.exidx.text.TIM_ClearOC3Ref), (8 bytes).
    Removing hk32f030m_tim.o(.text.TIM_ClearOC4Ref), (20 bytes).
    Removing hk32f030m_tim.o(.ARM.exidx.text.TIM_ClearOC4Ref), (8 bytes).
    Removing hk32f030m_tim.o(.text.TIM_OC1PolarityConfig), (16 bytes).
    Removing hk32f030m_tim.o(.ARM.exidx.text.TIM_OC1PolarityConfig), (8 bytes).
    Removing hk32f030m_tim.o(.text.TIM_OC1NPolarityConfig), (16 bytes).
    Removing hk32f030m_tim.o(.ARM.exidx.text.TIM_OC1NPolarityConfig), (8 bytes).
    Removing hk32f030m_tim.o(.text.TIM_OC2PolarityConfig), (16 bytes).
    Removing hk32f030m_tim.o(.ARM.exidx.text.TIM_OC2PolarityConfig), (8 bytes).
    Removing hk32f030m_tim.o(.text.TIM_OC2NPolarityConfig), (16 bytes).
    Removing hk32f030m_tim.o(.ARM.exidx.text.TIM_OC2NPolarityConfig), (8 bytes).
    Removing hk32f030m_tim.o(.text.TIM_OC3PolarityConfig), (20 bytes).
    Removing hk32f030m_tim.o(.ARM.exidx.text.TIM_OC3PolarityConfig), (8 bytes).
    Removing hk32f030m_tim.o(.text.TIM_OC3NPolarityConfig), (20 bytes).
    Removing hk32f030m_tim.o(.ARM.exidx.text.TIM_OC3NPolarityConfig), (8 bytes).
    Removing hk32f030m_tim.o(.text.TIM_OC4PolarityConfig), (20 bytes).
    Removing hk32f030m_tim.o(.ARM.exidx.text.TIM_OC4PolarityConfig), (8 bytes).
    Removing hk32f030m_tim.o(.text.TIM_SelectOCREFClear), (20 bytes).
    Removing hk32f030m_tim.o(.ARM.exidx.text.TIM_SelectOCREFClear), (8 bytes).
    Removing hk32f030m_tim.o(.text.TIM_CCxCmd), (26 bytes).
    Removing hk32f030m_tim.o(.ARM.exidx.text.TIM_CCxCmd), (8 bytes).
    Removing hk32f030m_tim.o(.text.TIM_CCxNCmd), (36 bytes).
    Removing hk32f030m_tim.o(.ARM.exidx.text.TIM_CCxNCmd), (8 bytes).
    Removing hk32f030m_tim.o(.text.TIM_SelectCOM), (28 bytes).
    Removing hk32f030m_tim.o(.ARM.exidx.text.TIM_SelectCOM), (8 bytes).
    Removing hk32f030m_tim.o(.text.TIM_ICInit), (316 bytes).
    Removing hk32f030m_tim.o(.ARM.exidx.text.TIM_ICInit), (8 bytes).
    Removing hk32f030m_tim.o(.text.TIM_SetIC1Prescaler), (20 bytes).
    Removing hk32f030m_tim.o(.ARM.exidx.text.TIM_SetIC1Prescaler), (8 bytes).
    Removing hk32f030m_tim.o(.text.TIM_SetIC2Prescaler), (24 bytes).
    Removing hk32f030m_tim.o(.ARM.exidx.text.TIM_SetIC2Prescaler), (8 bytes).
    Removing hk32f030m_tim.o(.text.TIM_SetIC3Prescaler), (20 bytes).
    Removing hk32f030m_tim.o(.ARM.exidx.text.TIM_SetIC3Prescaler), (8 bytes).
    Removing hk32f030m_tim.o(.text.TIM_SetIC4Prescaler), (24 bytes).
    Removing hk32f030m_tim.o(.ARM.exidx.text.TIM_SetIC4Prescaler), (8 bytes).
    Removing hk32f030m_tim.o(.text.TIM_ICStructInit), (16 bytes).
    Removing hk32f030m_tim.o(.ARM.exidx.text.TIM_ICStructInit), (8 bytes).
    Removing hk32f030m_tim.o(.text.TIM_PWMIConfig), (296 bytes).
    Removing hk32f030m_tim.o(.ARM.exidx.text.TIM_PWMIConfig), (8 bytes).
    Removing hk32f030m_tim.o(.text.TIM_GetCapture1), (4 bytes).
    Removing hk32f030m_tim.o(.ARM.exidx.text.TIM_GetCapture1), (8 bytes).
    Removing hk32f030m_tim.o(.text.TIM_GetCapture2), (4 bytes).
    Removing hk32f030m_tim.o(.ARM.exidx.text.TIM_GetCapture2), (8 bytes).
    Removing hk32f030m_tim.o(.text.TIM_GetCapture3), (4 bytes).
    Removing hk32f030m_tim.o(.ARM.exidx.text.TIM_GetCapture3), (8 bytes).
    Removing hk32f030m_tim.o(.text.TIM_GetCapture4), (4 bytes).
    Removing hk32f030m_tim.o(.ARM.exidx.text.TIM_GetCapture4), (8 bytes).
    Removing hk32f030m_tim.o(.text.TIM_ITConfig), (28 bytes).
    Removing hk32f030m_tim.o(.ARM.exidx.text.TIM_ITConfig), (8 bytes).
    Removing hk32f030m_tim.o(.text.TIM_GenerateEvent), (4 bytes).
    Removing hk32f030m_tim.o(.ARM.exidx.text.TIM_GenerateEvent), (8 bytes).
    Removing hk32f030m_tim.o(.text.TIM_GetFlagStatus), (10 bytes).
    Removing hk32f030m_tim.o(.ARM.exidx.text.TIM_GetFlagStatus), (8 bytes).
    Removing hk32f030m_tim.o(.text.TIM_ClearFlag), (12 bytes).
    Removing hk32f030m_tim.o(.ARM.exidx.text.TIM_ClearFlag), (8 bytes).
    Removing hk32f030m_tim.o(.text.TIM_GetITStatus), (20 bytes).
    Removing hk32f030m_tim.o(.ARM.exidx.text.TIM_GetITStatus), (8 bytes).
    Removing hk32f030m_tim.o(.text.TIM_ClearITPendingBit), (12 bytes).
    Removing hk32f030m_tim.o(.ARM.exidx.text.TIM_ClearITPendingBit), (8 bytes).
    Removing hk32f030m_tim.o(.text.TIM_InternalClockConfig), (16 bytes).
    Removing hk32f030m_tim.o(.ARM.exidx.text.TIM_InternalClockConfig), (8 bytes).
    Removing hk32f030m_tim.o(.text.TIM_ITRxExternalClockConfig), (24 bytes).
    Removing hk32f030m_tim.o(.ARM.exidx.text.TIM_ITRxExternalClockConfig), (8 bytes).
    Removing hk32f030m_tim.o(.text.TIM_SelectInputTrigger), (16 bytes).
    Removing hk32f030m_tim.o(.ARM.exidx.text.TIM_SelectInputTrigger), (8 bytes).
    Removing hk32f030m_tim.o(.text.TIM_TIxExternalClockConfig), (124 bytes).
    Removing hk32f030m_tim.o(.ARM.exidx.text.TIM_TIxExternalClockConfig), (8 bytes).
    Removing hk32f030m_tim.o(.text.TIM_ETRClockMode1Config), (28 bytes).
    Removing hk32f030m_tim.o(.ARM.exidx.text.TIM_ETRClockMode1Config), (8 bytes).
    Removing hk32f030m_tim.o(.text.TIM_ETRConfig), (18 bytes).
    Removing hk32f030m_tim.o(.ARM.exidx.text.TIM_ETRConfig), (8 bytes).
    Removing hk32f030m_tim.o(.text.TIM_ETRClockMode2Config), (28 bytes).
    Removing hk32f030m_tim.o(.ARM.exidx.text.TIM_ETRClockMode2Config), (8 bytes).
    Removing hk32f030m_tim.o(.text.TIM_SelectOutputTrigger), (20 bytes).
    Removing hk32f030m_tim.o(.ARM.exidx.text.TIM_SelectOutputTrigger), (8 bytes).
    Removing hk32f030m_tim.o(.text.TIM_SelectSlaveMode), (20 bytes).
    Removing hk32f030m_tim.o(.ARM.exidx.text.TIM_SelectSlaveMode), (8 bytes).
    Removing hk32f030m_tim.o(.text.TIM_SelectMasterSlaveMode), (20 bytes).
    Removing hk32f030m_tim.o(.ARM.exidx.text.TIM_SelectMasterSlaveMode), (8 bytes).
    Removing hk32f030m_tim.o(.text.TIM_EncoderInterfaceConfig), (52 bytes).
    Removing hk32f030m_tim.o(.ARM.exidx.text.TIM_EncoderInterfaceConfig), (8 bytes).
    Removing hk32f030m_tim.o(.text.TIM_SelectHallSensor), (28 bytes).
    Removing hk32f030m_tim.o(.ARM.exidx.text.TIM_SelectHallSensor), (8 bytes).
    Removing hk32f030m_usart.o(.text), (0 bytes).
    Removing hk32f030m_usart.o(.text.USART_DeInit), (36 bytes).
    Removing hk32f030m_usart.o(.ARM.exidx.text.USART_DeInit), (8 bytes).
    Removing hk32f030m_usart.o(.text.USART_Init), (160 bytes).
    Removing hk32f030m_usart.o(.ARM.exidx.text.USART_Init), (8 bytes).
    Removing hk32f030m_usart.o(.text.USART_StructInit), (22 bytes).
    Removing hk32f030m_usart.o(.ARM.exidx.text.USART_StructInit), (8 bytes).
    Removing hk32f030m_usart.o(.text.USART_ClockInit), (26 bytes).
    Removing hk32f030m_usart.o(.ARM.exidx.text.USART_ClockInit), (8 bytes).
    Removing hk32f030m_usart.o(.text.USART_ClockStructInit), (12 bytes).
    Removing hk32f030m_usart.o(.ARM.exidx.text.USART_ClockStructInit), (8 bytes).
    Removing hk32f030m_usart.o(.text.USART_Cmd), (16 bytes).
    Removing hk32f030m_usart.o(.ARM.exidx.text.USART_Cmd), (8 bytes).
    Removing hk32f030m_usart.o(.text.USART_DirectionModeCmd), (20 bytes).
    Removing hk32f030m_usart.o(.ARM.exidx.text.USART_DirectionModeCmd), (8 bytes).
    Removing hk32f030m_usart.o(.text.USART_OverSampling8Cmd), (20 bytes).
    Removing hk32f030m_usart.o(.ARM.exidx.text.USART_OverSampling8Cmd), (8 bytes).
    Removing hk32f030m_usart.o(.text.USART_OneBitMethodCmd), (20 bytes).
    Removing hk32f030m_usart.o(.ARM.exidx.text.USART_OneBitMethodCmd), (8 bytes).
    Removing hk32f030m_usart.o(.text.USART_MSBFirstCmd), (20 bytes).
    Removing hk32f030m_usart.o(.ARM.exidx.text.USART_MSBFirstCmd), (8 bytes).
    Removing hk32f030m_usart.o(.text.USART_DataInvCmd), (20 bytes).
    Removing hk32f030m_usart.o(.ARM.exidx.text.USART_DataInvCmd), (8 bytes).
    Removing hk32f030m_usart.o(.text.USART_InvPinCmd), (20 bytes).
    Removing hk32f030m_usart.o(.ARM.exidx.text.USART_InvPinCmd), (8 bytes).
    Removing hk32f030m_usart.o(.text.USART_SWAPPinCmd), (20 bytes).
    Removing hk32f030m_usart.o(.ARM.exidx.text.USART_SWAPPinCmd), (8 bytes).
    Removing hk32f030m_usart.o(.text.USART_ReceiverTimeOutCmd), (20 bytes).
    Removing hk32f030m_usart.o(.ARM.exidx.text.USART_ReceiverTimeOutCmd), (8 bytes).
    Removing hk32f030m_usart.o(.text.USART_SetReceiverTimeOut), (18 bytes).
    Removing hk32f030m_usart.o(.ARM.exidx.text.USART_SetReceiverTimeOut), (8 bytes).
    Removing hk32f030m_usart.o(.text.USART_SetPrescaler), (18 bytes).
    Removing hk32f030m_usart.o(.ARM.exidx.text.USART_SetPrescaler), (8 bytes).
    Removing hk32f030m_usart.o(.text.USART_STOPModeCmd), (18 bytes).
    Removing hk32f030m_usart.o(.ARM.exidx.text.USART_STOPModeCmd), (8 bytes).
    Removing hk32f030m_usart.o(.text.USART_StopModeWakeUpSourceConfig), (18 bytes).
    Removing hk32f030m_usart.o(.ARM.exidx.text.USART_StopModeWakeUpSourceConfig), (8 bytes).
    Removing hk32f030m_usart.o(.text.USART_AutoBaudRateCmd), (20 bytes).
    Removing hk32f030m_usart.o(.ARM.exidx.text.USART_AutoBaudRateCmd), (8 bytes).
    Removing hk32f030m_usart.o(.text.USART_AutoBaudRateConfig), (18 bytes).
    Removing hk32f030m_usart.o(.ARM.exidx.text.USART_AutoBaudRateConfig), (8 bytes).
    Removing hk32f030m_usart.o(.text.USART_SendData), (12 bytes).
    Removing hk32f030m_usart.o(.ARM.exidx.text.USART_SendData), (8 bytes).
    Removing hk32f030m_usart.o(.text.USART_ReceiveData), (12 bytes).
    Removing hk32f030m_usart.o(.ARM.exidx.text.USART_ReceiveData), (8 bytes).
    Removing hk32f030m_usart.o(.text.USART_SetAddress), (20 bytes).
    Removing hk32f030m_usart.o(.ARM.exidx.text.USART_SetAddress), (8 bytes).
    Removing hk32f030m_usart.o(.text.USART_MuteModeCmd), (20 bytes).
    Removing hk32f030m_usart.o(.ARM.exidx.text.USART_MuteModeCmd), (8 bytes).
    Removing hk32f030m_usart.o(.text.USART_MuteModeWakeUpConfig), (18 bytes).
    Removing hk32f030m_usart.o(.ARM.exidx.text.USART_MuteModeWakeUpConfig), (8 bytes).
    Removing hk32f030m_usart.o(.text.USART_AddressDetectionConfig), (16 bytes).
    Removing hk32f030m_usart.o(.ARM.exidx.text.USART_AddressDetectionConfig), (8 bytes).
    Removing hk32f030m_usart.o(.text.USART_LINBreakDetectLengthConfig), (16 bytes).
    Removing hk32f030m_usart.o(.ARM.exidx.text.USART_LINBreakDetectLengthConfig), (8 bytes).
    Removing hk32f030m_usart.o(.text.USART_LINCmd), (20 bytes).
    Removing hk32f030m_usart.o(.ARM.exidx.text.USART_LINCmd), (8 bytes).
    Removing hk32f030m_usart.o(.text.USART_HalfDuplexCmd), (18 bytes).
    Removing hk32f030m_usart.o(.ARM.exidx.text.USART_HalfDuplexCmd), (8 bytes).
    Removing hk32f030m_usart.o(.text.USART_SetGuardTime), (16 bytes).
    Removing hk32f030m_usart.o(.ARM.exidx.text.USART_SetGuardTime), (8 bytes).
    Removing hk32f030m_usart.o(.text.USART_SmartCardCmd), (18 bytes).
    Removing hk32f030m_usart.o(.ARM.exidx.text.USART_SmartCardCmd), (8 bytes).
    Removing hk32f030m_usart.o(.text.USART_SmartCardNACKCmd), (18 bytes).
    Removing hk32f030m_usart.o(.ARM.exidx.text.USART_SmartCardNACKCmd), (8 bytes).
    Removing hk32f030m_usart.o(.text.USART_SetAutoRetryCount), (20 bytes).
    Removing hk32f030m_usart.o(.ARM.exidx.text.USART_SetAutoRetryCount), (8 bytes).
    Removing hk32f030m_usart.o(.text.USART_SetBlockLength), (20 bytes).
    Removing hk32f030m_usart.o(.ARM.exidx.text.USART_SetBlockLength), (8 bytes).
    Removing hk32f030m_usart.o(.text.USART_IrDAConfig), (16 bytes).
    Removing hk32f030m_usart.o(.ARM.exidx.text.USART_IrDAConfig), (8 bytes).
    Removing hk32f030m_usart.o(.text.USART_IrDACmd), (18 bytes).
    Removing hk32f030m_usart.o(.ARM.exidx.text.USART_IrDACmd), (8 bytes).
    Removing hk32f030m_usart.o(.text.USART_DECmd), (20 bytes).
    Removing hk32f030m_usart.o(.ARM.exidx.text.USART_DECmd), (8 bytes).
    Removing hk32f030m_usart.o(.text.USART_DEPolarityConfig), (18 bytes).
    Removing hk32f030m_usart.o(.ARM.exidx.text.USART_DEPolarityConfig), (8 bytes).
    Removing hk32f030m_usart.o(.text.USART_SetDEAssertionTime), (20 bytes).
    Removing hk32f030m_usart.o(.ARM.exidx.text.USART_SetDEAssertionTime), (8 bytes).
    Removing hk32f030m_usart.o(.text.USART_SetDEDeassertionTime), (20 bytes).
    Removing hk32f030m_usart.o(.ARM.exidx.text.USART_SetDEDeassertionTime), (8 bytes).
    Removing hk32f030m_usart.o(.text.USART_ITConfig), (46 bytes).
    Removing hk32f030m_usart.o(.ARM.exidx.text.USART_ITConfig), (8 bytes).
    Removing hk32f030m_usart.o(.text.USART_RequestCmd), (20 bytes).
    Removing hk32f030m_usart.o(.ARM.exidx.text.USART_RequestCmd), (8 bytes).
    Removing hk32f030m_usart.o(.text.USART_OverrunDetectionConfig), (18 bytes).
    Removing hk32f030m_usart.o(.ARM.exidx.text.USART_OverrunDetectionConfig), (8 bytes).
    Removing hk32f030m_usart.o(.text.USART_GetFlagStatus), (10 bytes).
    Removing hk32f030m_usart.o(.ARM.exidx.text.USART_GetFlagStatus), (8 bytes).
    Removing hk32f030m_usart.o(.text.USART_ClearFlag), (4 bytes).
    Removing hk32f030m_usart.o(.ARM.exidx.text.USART_ClearFlag), (8 bytes).
    Removing hk32f030m_usart.o(.text.USART_GetITStatus), (42 bytes).
    Removing hk32f030m_usart.o(.ARM.exidx.text.USART_GetITStatus), (8 bytes).
    Removing hk32f030m_usart.o(.text.USART_ClearITPendingBit), (10 bytes).
    Removing hk32f030m_usart.o(.ARM.exidx.text.USART_ClearITPendingBit), (8 bytes).
    Removing hk32f030m_wwdg.o(.text), (0 bytes).
    Removing hk32f030m_wwdg.o(.text.WWDG_DeInit), (22 bytes).
    Removing hk32f030m_wwdg.o(.ARM.exidx.text.WWDG_DeInit), (8 bytes).
    Removing hk32f030m_wwdg.o(.text.WWDG_SetPrescaler), (20 bytes).
    Removing hk32f030m_wwdg.o(.ARM.exidx.text.WWDG_SetPrescaler), (8 bytes).
    Removing hk32f030m_wwdg.o(.text.WWDG_SetWindowValue), (36 bytes).
    Removing hk32f030m_wwdg.o(.ARM.exidx.text.WWDG_SetWindowValue), (8 bytes).
    Removing hk32f030m_wwdg.o(.text.WWDG_EnableIT), (20 bytes).
    Removing hk32f030m_wwdg.o(.ARM.exidx.text.WWDG_EnableIT), (8 bytes).
    Removing hk32f030m_wwdg.o(.text.WWDG_SetCounter), (16 bytes).
    Removing hk32f030m_wwdg.o(.ARM.exidx.text.WWDG_SetCounter), (8 bytes).
    Removing hk32f030m_wwdg.o(.text.WWDG_Enable), (16 bytes).
    Removing hk32f030m_wwdg.o(.ARM.exidx.text.WWDG_Enable), (8 bytes).
    Removing hk32f030m_wwdg.o(.text.WWDG_GetFlagStatus), (16 bytes).
    Removing hk32f030m_wwdg.o(.ARM.exidx.text.WWDG_GetFlagStatus), (8 bytes).
    Removing hk32f030m_wwdg.o(.text.WWDG_ClearFlag), (12 bytes).
    Removing hk32f030m_wwdg.o(.ARM.exidx.text.WWDG_ClearFlag), (8 bytes).
    Removing system_hk32f030m.o(.text), (0 bytes).
    Removing system_hk32f030m.o(.ARM.exidx.text.SystemInit), (8 bytes).
    Removing system_hk32f030m.o(.text.SystemCoreClockUpdate), (64 bytes).
    Removing system_hk32f030m.o(.ARM.exidx.text.SystemCoreClockUpdate), (8 bytes).
    Removing keil_startup_hk32f030m.o(HEAP), (512 bytes).

763 unused section(s) (total 17383 bytes) removed from the image.

==============================================================================

Image Symbol Table

    Local Symbols

    Symbol Name                              Value     Ov Type        Size  Object(Section)

    ../clib/division.s                       0x00000000   Number         0  aeabi_sdivfast.o ABSOLUTE
    ../clib/division.s                       0x00000000   Number         0  aeabi_sdivfast_div0.o ABSOLUTE
    ../clib/microlib/division.c              0x00000000   Number         0  uidiv.o ABSOLUTE
    ../clib/microlib/division.c              0x00000000   Number         0  uidiv_div0.o ABSOLUTE
    ../clib/microlib/division.c              0x00000000   Number         0  idiv_div0.o ABSOLUTE
    ../clib/microlib/division.c              0x00000000   Number         0  idiv0.o ABSOLUTE
    ../clib/microlib/init/entry.s            0x00000000   Number         0  entry.o ABSOLUTE
    ../clib/microlib/init/entry.s            0x00000000   Number         0  entry2.o ABSOLUTE
    ../clib/microlib/init/entry.s            0x00000000   Number         0  entry5.o ABSOLUTE
    ../clib/microlib/init/entry.s            0x00000000   Number         0  entry7a.o ABSOLUTE
    ../clib/microlib/init/entry.s            0x00000000   Number         0  entry7b.o ABSOLUTE
    ../clib/microlib/init/entry.s            0x00000000   Number         0  entry8a.o ABSOLUTE
    ../clib/microlib/init/entry.s            0x00000000   Number         0  entry8b.o ABSOLUTE
    ../clib/microlib/init/entry.s            0x00000000   Number         0  entry9a.o ABSOLUTE
    ../clib/microlib/init/entry.s            0x00000000   Number         0  entry9b.o ABSOLUTE
    ../clib/microlib/init/entry.s            0x00000000   Number         0  entry10a.o ABSOLUTE
    ../clib/microlib/init/entry.s            0x00000000   Number         0  entry10b.o ABSOLUTE
    ../clib/microlib/init/entry.s            0x00000000   Number         0  entry11a.o ABSOLUTE
    ../clib/microlib/init/entry.s            0x00000000   Number         0  entry11b.o ABSOLUTE
    ..\Source\Libraries\CMSIS\HK32F030M\Source\KEIL_Startup_hk32f030m.s 0x00000000   Number         0  keil_startup_hk32f030m.o ABSOLUTE
    bsp_AdvanceTim.c                         0x00000000   Number         0  bsp_advancetim.o ABSOLUTE
    bsp_led.c                                0x00000000   Number         0  bsp_led.o ABSOLUTE
    dc.s                                     0x00000000   Number         0  dc.o ABSOLUTE
    handlers.s                               0x00000000   Number         0  handlers.o ABSOLUTE
    hk32f030m_adc.c                          0x00000000   Number         0  hk32f030m_adc.o ABSOLUTE
    hk32f030m_awu.c                          0x00000000   Number         0  hk32f030m_awu.o ABSOLUTE
    hk32f030m_beep.c                         0x00000000   Number         0  hk32f030m_beep.o ABSOLUTE
    hk32f030m_crc.c                          0x00000000   Number         0  hk32f030m_crc.o ABSOLUTE
    hk32f030m_exti.c                         0x00000000   Number         0  hk32f030m_exti.o ABSOLUTE
    hk32f030m_flash.c                        0x00000000   Number         0  hk32f030m_flash.o ABSOLUTE
    hk32f030m_gpio.c                         0x00000000   Number         0  hk32f030m_gpio.o ABSOLUTE
    hk32f030m_i2c.c                          0x00000000   Number         0  hk32f030m_i2c.o ABSOLUTE
    hk32f030m_it.c                           0x00000000   Number         0  hk32f030m_it.o ABSOLUTE
    hk32f030m_iwdg.c                         0x00000000   Number         0  hk32f030m_iwdg.o ABSOLUTE
    hk32f030m_misc.c                         0x00000000   Number         0  hk32f030m_misc.o ABSOLUTE
    hk32f030m_pwr.c                          0x00000000   Number         0  hk32f030m_pwr.o ABSOLUTE
    hk32f030m_rcc.c                          0x00000000   Number         0  hk32f030m_rcc.o ABSOLUTE
    hk32f030m_spi.c                          0x00000000   Number         0  hk32f030m_spi.o ABSOLUTE
    hk32f030m_syscfg.c                       0x00000000   Number         0  hk32f030m_syscfg.o ABSOLUTE
    hk32f030m_tim.c                          0x00000000   Number         0  hk32f030m_tim.o ABSOLUTE
    hk32f030m_usart.c                        0x00000000   Number         0  hk32f030m_usart.o ABSOLUTE
    hk32f030m_wwdg.c                         0x00000000   Number         0  hk32f030m_wwdg.o ABSOLUTE
    init.s                                   0x00000000   Number         0  init.o ABSOLUTE
    main.c                                   0x00000000   Number         0  main.o ABSOLUTE
    system_hk32f030m.c                       0x00000000   Number         0  system_hk32f030m.o ABSOLUTE
    systick_delay.c                          0x00000000   Number         0  systick_delay.o ABSOLUTE
    RESET                                    0x08000000   Section      192  keil_startup_hk32f030m.o(RESET)
    .ARM.Collect$$$$00000000                 0x080000c0   Section        0  entry.o(.ARM.Collect$$$$00000000)
    .ARM.Collect$$$$00000001                 0x080000c0   Section        4  entry2.o(.ARM.Collect$$$$00000001)
    .ARM.Collect$$$$00000004                 0x080000c4   Section        4  entry5.o(.ARM.Collect$$$$00000004)
    .ARM.Collect$$$$00000008                 0x080000c8   Section        0  entry7b.o(.ARM.Collect$$$$00000008)
    .ARM.Collect$$$$0000000A                 0x080000c8   Section        0  entry8b.o(.ARM.Collect$$$$0000000A)
    .ARM.Collect$$$$0000000B                 0x080000c8   Section        8  entry9a.o(.ARM.Collect$$$$0000000B)
    __lit__00000000                          0x080000d0   Data           4  entry2.o(.ARM.Collect$$$$00002712)
    .ARM.Collect$$$$0000000D                 0x080000d0   Section        0  entry10a.o(.ARM.Collect$$$$0000000D)
    .ARM.Collect$$$$0000000F                 0x080000d0   Section        0  entry11a.o(.ARM.Collect$$$$0000000F)
    .ARM.Collect$$$$00002712                 0x080000d0   Section        4  entry2.o(.ARM.Collect$$$$00002712)
    .text                                    0x080000d4   Section       28  keil_startup_hk32f030m.o(.text)
    .text                                    0x080000f0   Section        0  uidiv_div0.o(.text)
    .text                                    0x08000130   Section       36  init.o(.text)
    [Anonymous Symbol]                       0x08000154   Section        0  hk32f030m_gpio.o(.text.GPIO_Init)
    [Anonymous Symbol]                       0x080001dc   Section        0  hk32f030m_gpio.o(.text.GPIO_PinAFConfig)
    [Anonymous Symbol]                       0x080001fc   Section        0  hk32f030m_it.o(.text.HardFault_Handler)
    [Anonymous Symbol]                       0x080001fe   Section        0  hk32f030m_it.o(.text.NMI_Handler)
    [Anonymous Symbol]                       0x08000200   Section        0  hk32f030m_it.o(.text.PendSV_Handler)
    [Anonymous Symbol]                       0x08000204   Section        0  hk32f030m_rcc.o(.text.RCC_AHBPeriphClockCmd)
    __arm_cp.7_0                             0x0800021c   Number         4  hk32f030m_rcc.o(.text.RCC_AHBPeriphClockCmd)
    [Anonymous Symbol]                       0x08000220   Section        0  hk32f030m_rcc.o(.text.RCC_APB2PeriphClockCmd)
    __arm_cp.18_0                            0x08000238   Number         4  hk32f030m_rcc.o(.text.RCC_APB2PeriphClockCmd)
    [Anonymous Symbol]                       0x0800023c   Section        0  hk32f030m_it.o(.text.SVC_Handler)
    [Anonymous Symbol]                       0x08000240   Section        0  hk32f030m_misc.o(.text.SysTick_CLKSourceConfig)
    [Anonymous Symbol]                       0x08000258   Section        0  hk32f030m_it.o(.text.SysTick_Handler)
    [Anonymous Symbol]                       0x0800025c   Section        0  system_hk32f030m.o(.text.SystemInit)
    __arm_cp.0_0                             0x08000338   Number         4  system_hk32f030m.o(.text.SystemInit)
    __arm_cp.0_1                             0x0800033c   Number         4  system_hk32f030m.o(.text.SystemInit)
    __arm_cp.0_2                             0x08000340   Number         4  system_hk32f030m.o(.text.SystemInit)
    __arm_cp.0_3                             0x08000344   Number         4  system_hk32f030m.o(.text.SystemInit)
    __arm_cp.0_4                             0x08000348   Number         4  system_hk32f030m.o(.text.SystemInit)
    __arm_cp.0_5                             0x0800034c   Number         4  system_hk32f030m.o(.text.SystemInit)
    [Anonymous Symbol]                       0x08000350   Section        0  hk32f030m_tim.o(.text.TIM_Cmd)
    __arm_cp.14_0                            0x08000368   Number         4  hk32f030m_tim.o(.text.TIM_Cmd)
    [Anonymous Symbol]                       0x0800036c   Section        0  hk32f030m_tim.o(.text.TIM_CtrlPWMOutputs)
    __arm_cp.17_0                            0x08000384   Number         4  hk32f030m_tim.o(.text.TIM_CtrlPWMOutputs)
    [Anonymous Symbol]                       0x08000388   Section        0  hk32f030m_tim.o(.text.TIM_OC2Init)
    __arm_cp.19_0                            0x080003f4   Number         4  hk32f030m_tim.o(.text.TIM_OC2Init)
    __arm_cp.19_2                            0x080003f8   Number         4  hk32f030m_tim.o(.text.TIM_OC2Init)
    __arm_cp.19_3                            0x080003fc   Number         4  hk32f030m_tim.o(.text.TIM_OC2Init)
    __arm_cp.19_4                            0x08000400   Number         4  hk32f030m_tim.o(.text.TIM_OC2Init)
    [Anonymous Symbol]                       0x08000404   Section        0  hk32f030m_tim.o(.text.TIM_OC2PreloadConfig)
    __arm_cp.34_0                            0x08000414   Number         4  hk32f030m_tim.o(.text.TIM_OC2PreloadConfig)
    [Anonymous Symbol]                       0x08000418   Section        0  hk32f030m_tim.o(.text.TIM_TimeBaseInit)
    __arm_cp.1_1                             0x08000464   Number         4  hk32f030m_tim.o(.text.TIM_TimeBaseInit)
    [Anonymous Symbol]                       0x08000468   Section        0  systick_delay.o(.text.delay_init)
    __arm_cp.0_0                             0x08000490   Number         4  systick_delay.o(.text.delay_init)
    __arm_cp.0_1                             0x08000494   Number         4  systick_delay.o(.text.delay_init)
    __arm_cp.0_2                             0x08000498   Number         4  systick_delay.o(.text.delay_init)
    [Anonymous Symbol]                       0x0800049c   Section        0  systick_delay.o(.text.delay_ms)
    __arm_cp.2_0                             0x080004cc   Number         4  systick_delay.o(.text.delay_ms)
    __arm_cp.2_1                             0x080004d0   Number         4  systick_delay.o(.text.delay_ms)
    __arm_cp.2_2                             0x080004d4   Number         4  systick_delay.o(.text.delay_ms)
    [Anonymous Symbol]                       0x080004d8   Section        0  main.o(.text.main)
    __arm_cp.1_0                             0x080005e4   Number         4  main.o(.text.main)
    __arm_cp.1_1                             0x080005e8   Number         4  main.o(.text.main)
    __arm_cp.1_2                             0x080005ec   Number         4  main.o(.text.main)
    __arm_cp.1_3                             0x080005f0   Number         4  main.o(.text.main)
    i.__scatterload_copy                     0x080005f4   Section       14  handlers.o(i.__scatterload_copy)
    i.__scatterload_null                     0x08000602   Section        2  handlers.o(i.__scatterload_null)
    i.__scatterload_zeroinit                 0x08000604   Section       14  handlers.o(i.__scatterload_zeroinit)
    fac_ms                                   0x20000008   Data           2  systick_delay.o(.bss.fac_ms)
    [Anonymous Symbol]                       0x20000008   Section        0  systick_delay.o(.bss.fac_ms)
    fac_us                                   0x2000000a   Data           1  systick_delay.o(.bss.fac_us)
    [Anonymous Symbol]                       0x2000000a   Section        0  systick_delay.o(.bss.fac_us)
    STACK                                    0x20000010   Section      512  keil_startup_hk32f030m.o(STACK)

    Global Symbols

    Symbol Name                              Value     Ov Type        Size  Object(Section)

    BuildAttributes$$THM_ISAv3M$S$PE$A:L22$X:L11$S22$IEEE1$IW$~IW$USESV6$~STKCKD$USESV7$~SHL$OTIME$EBA8$MICROLIB$REQ8$PRES8$EABIv2 0x00000000   Number         0  anon$$obj.o ABSOLUTE
    __cpp_initialize__aeabi_                  - Undefined Weak Reference
    __cxa_finalize                            - Undefined Weak Reference
    __decompress                              - Undefined Weak Reference
    _clock_init                               - Undefined Weak Reference
    _microlib_exit                            - Undefined Weak Reference
    __Vectors_Size                           0x000000c0   Number         0  keil_startup_hk32f030m.o ABSOLUTE
    __Vectors                                0x08000000   Data           4  keil_startup_hk32f030m.o(RESET)
    __Vectors_End                            0x080000c0   Data           0  keil_startup_hk32f030m.o(RESET)
    __main                                   0x080000c1   Thumb Code     0  entry.o(.ARM.Collect$$$$00000000)
    _main_stk                                0x080000c1   Thumb Code     0  entry2.o(.ARM.Collect$$$$00000001)
    _main_scatterload                        0x080000c5   Thumb Code     0  entry5.o(.ARM.Collect$$$$00000004)
    __main_after_scatterload                 0x080000c9   Thumb Code     0  entry5.o(.ARM.Collect$$$$00000004)
    _main_clock                              0x080000c9   Thumb Code     0  entry7b.o(.ARM.Collect$$$$00000008)
    _main_cpp_init                           0x080000c9   Thumb Code     0  entry8b.o(.ARM.Collect$$$$0000000A)
    _main_init                               0x080000c9   Thumb Code     0  entry9a.o(.ARM.Collect$$$$0000000B)
    __rt_final_cpp                           0x080000d1   Thumb Code     0  entry10a.o(.ARM.Collect$$$$0000000D)
    __rt_final_exit                          0x080000d1   Thumb Code     0  entry11a.o(.ARM.Collect$$$$0000000F)
    Reset_Handler                            0x080000d5   Thumb Code     8  keil_startup_hk32f030m.o(.text)
    ADC1_IRQHandler                          0x080000e7   Thumb Code     0  keil_startup_hk32f030m.o(.text)
    EXTI0_IRQHandler                         0x080000e7   Thumb Code     0  keil_startup_hk32f030m.o(.text)
    EXTI11_IRQHandler                        0x080000e7   Thumb Code     0  keil_startup_hk32f030m.o(.text)
    EXTI1_IRQHandler                         0x080000e7   Thumb Code     0  keil_startup_hk32f030m.o(.text)
    EXTI2_IRQHandler                         0x080000e7   Thumb Code     0  keil_startup_hk32f030m.o(.text)
    EXTI3_IRQHandler                         0x080000e7   Thumb Code     0  keil_startup_hk32f030m.o(.text)
    EXTI4_IRQHandler                         0x080000e7   Thumb Code     0  keil_startup_hk32f030m.o(.text)
    EXTI5_IRQHandler                         0x080000e7   Thumb Code     0  keil_startup_hk32f030m.o(.text)
    EXTI6_IRQHandler                         0x080000e7   Thumb Code     0  keil_startup_hk32f030m.o(.text)
    EXTI7_IRQHandler                         0x080000e7   Thumb Code     0  keil_startup_hk32f030m.o(.text)
    FLASH_IRQHandler                         0x080000e7   Thumb Code     0  keil_startup_hk32f030m.o(.text)
    I2C1_IRQHandler                          0x080000e7   Thumb Code     0  keil_startup_hk32f030m.o(.text)
    RCC_IRQHandler                           0x080000e7   Thumb Code     0  keil_startup_hk32f030m.o(.text)
    SPI1_IRQHandler                          0x080000e7   Thumb Code     0  keil_startup_hk32f030m.o(.text)
    TIM1_BRK_IRQHandler                      0x080000e7   Thumb Code     0  keil_startup_hk32f030m.o(.text)
    TIM1_CC_IRQHandler                       0x080000e7   Thumb Code     0  keil_startup_hk32f030m.o(.text)
    TIM1_UP_TRG_COM_IRQHandler               0x080000e7   Thumb Code     0  keil_startup_hk32f030m.o(.text)
    TIM2_IRQHandler                          0x080000e7   Thumb Code     0  keil_startup_hk32f030m.o(.text)
    TIM6_IRQHandler                          0x080000e7   Thumb Code     0  keil_startup_hk32f030m.o(.text)
    USART1_IRQHandler                        0x080000e7   Thumb Code     0  keil_startup_hk32f030m.o(.text)
    WWDG_IRQHandler                          0x080000e7   Thumb Code     0  keil_startup_hk32f030m.o(.text)
    __aeabi_uidiv                            0x080000f1   Thumb Code     0  uidiv_div0.o(.text)
    __aeabi_uidivmod                         0x080000f1   Thumb Code    62  uidiv_div0.o(.text)
    __scatterload                            0x08000131   Thumb Code    28  init.o(.text)
    __scatterload_rt2                        0x08000131   Thumb Code     0  init.o(.text)
    GPIO_Init                                0x08000155   Thumb Code   136  hk32f030m_gpio.o(.text.GPIO_Init)
    GPIO_PinAFConfig                         0x080001dd   Thumb Code    32  hk32f030m_gpio.o(.text.GPIO_PinAFConfig)
    HardFault_Handler                        0x080001fd   Thumb Code     2  hk32f030m_it.o(.text.HardFault_Handler)
    NMI_Handler                              0x080001ff   Thumb Code     2  hk32f030m_it.o(.text.NMI_Handler)
    PendSV_Handler                           0x08000201   Thumb Code     2  hk32f030m_it.o(.text.PendSV_Handler)
    RCC_AHBPeriphClockCmd                    0x08000205   Thumb Code    24  hk32f030m_rcc.o(.text.RCC_AHBPeriphClockCmd)
    RCC_APB2PeriphClockCmd                   0x08000221   Thumb Code    24  hk32f030m_rcc.o(.text.RCC_APB2PeriphClockCmd)
    SVC_Handler                              0x0800023d   Thumb Code     2  hk32f030m_it.o(.text.SVC_Handler)
    SysTick_CLKSourceConfig                  0x08000241   Thumb Code    24  hk32f030m_misc.o(.text.SysTick_CLKSourceConfig)
    SysTick_Handler                          0x08000259   Thumb Code     2  hk32f030m_it.o(.text.SysTick_Handler)
    SystemInit                               0x0800025d   Thumb Code   220  system_hk32f030m.o(.text.SystemInit)
    TIM_Cmd                                  0x08000351   Thumb Code    24  hk32f030m_tim.o(.text.TIM_Cmd)
    TIM_CtrlPWMOutputs                       0x0800036d   Thumb Code    24  hk32f030m_tim.o(.text.TIM_CtrlPWMOutputs)
    TIM_OC2Init                              0x08000389   Thumb Code   108  hk32f030m_tim.o(.text.TIM_OC2Init)
    TIM_OC2PreloadConfig                     0x08000405   Thumb Code    16  hk32f030m_tim.o(.text.TIM_OC2PreloadConfig)
    TIM_TimeBaseInit                         0x08000419   Thumb Code    76  hk32f030m_tim.o(.text.TIM_TimeBaseInit)
    delay_init                               0x08000469   Thumb Code    40  systick_delay.o(.text.delay_init)
    delay_ms                                 0x0800049d   Thumb Code    48  systick_delay.o(.text.delay_ms)
    main                                     0x080004d9   Thumb Code   268  main.o(.text.main)
    __scatterload_copy                       0x080005f5   Thumb Code    14  handlers.o(i.__scatterload_copy)
    __scatterload_null                       0x08000603   Thumb Code     2  handlers.o(i.__scatterload_null)
    __scatterload_zeroinit                   0x08000605   Thumb Code    14  handlers.o(i.__scatterload_zeroinit)
    Region$$Table$$Base                      0x08000614   Number         0  anon$$obj.o(Region$$Table)
    Region$$Table$$Limit                     0x08000634   Number         0  anon$$obj.o(Region$$Table)
    SystemCoreClock                          0x20000000   Data           4  system_hk32f030m.o(.data.SystemCoreClock)
    __initial_sp                             0x20000210   Data           0  keil_startup_hk32f030m.o(STACK)



==============================================================================

Memory Map of the image

  Image Entry point : 0x080000c1

  Load Region LR_IROM1 (Base: 0x08000000, Size: 0x00000640, Max: 0x00004000, ABSOLUTE)

    Execution Region ER_IROM1 (Exec base: 0x08000000, Load base: 0x08000000, Size: 0x00000634, Max: 0x00004000, ABSOLUTE)

    Exec Addr    Load Addr    Size         Type   Attr      Idx    E Section Name        Object

    0x08000000   0x08000000   0x000000c0   Data   RO          943    RESET               keil_startup_hk32f030m.o
    0x080000c0   0x080000c0   0x00000000   Code   RO          950  * .ARM.Collect$$$$00000000  mc_p.l(entry.o)
    0x080000c0   0x080000c0   0x00000004   Code   RO          959    .ARM.Collect$$$$00000001  mc_p.l(entry2.o)
    0x080000c4   0x080000c4   0x00000004   Code   RO          962    .ARM.Collect$$$$00000004  mc_p.l(entry5.o)
    0x080000c8   0x080000c8   0x00000000   Code   RO          964    .ARM.Collect$$$$00000008  mc_p.l(entry7b.o)
    0x080000c8   0x080000c8   0x00000000   Code   RO          966    .ARM.Collect$$$$0000000A  mc_p.l(entry8b.o)
    0x080000c8   0x080000c8   0x00000008   Code   RO          967    .ARM.Collect$$$$0000000B  mc_p.l(entry9a.o)
    0x080000d0   0x080000d0   0x00000000   Code   RO          969    .ARM.Collect$$$$0000000D  mc_p.l(entry10a.o)
    0x080000d0   0x080000d0   0x00000000   Code   RO          971    .ARM.Collect$$$$0000000F  mc_p.l(entry11a.o)
    0x080000d0   0x080000d0   0x00000004   Code   RO          960    .ARM.Collect$$$$00002712  mc_p.l(entry2.o)
    0x080000d4   0x080000d4   0x0000001c   Code   RO          944    .text               keil_startup_hk32f030m.o
    0x080000f0   0x080000f0   0x0000003e   Code   RO          977    .text               mc_p.l(uidiv_div0.o)
    0x0800012e   0x0800012e   0x00000002   PAD
    0x08000130   0x08000130   0x00000024   Code   RO          983    .text               mc_p.l(init.o)
    0x08000154   0x08000154   0x00000088   Code   RO          294    .text.GPIO_Init     hk32f030m_gpio.o
    0x080001dc   0x080001dc   0x00000020   Code   RO          318    .text.GPIO_PinAFConfig  hk32f030m_gpio.o
    0x080001fc   0x080001fc   0x00000002   Code   RO            4    .text.HardFault_Handler  hk32f030m_it.o
    0x080001fe   0x080001fe   0x00000002   Code   RO            2    .text.NMI_Handler   hk32f030m_it.o
    0x08000200   0x08000200   0x00000002   Code   RO            8    .text.PendSV_Handler  hk32f030m_it.o
    0x08000202   0x08000202   0x00000002   PAD
    0x08000204   0x08000204   0x0000001c   Code   RO          493    .text.RCC_AHBPeriphClockCmd  hk32f030m_rcc.o
    0x08000220   0x08000220   0x0000001c   Code   RO          515    .text.RCC_APB2PeriphClockCmd  hk32f030m_rcc.o
    0x0800023c   0x0800023c   0x00000002   Code   RO            6    .text.SVC_Handler   hk32f030m_it.o
    0x0800023e   0x0800023e   0x00000002   PAD
    0x08000240   0x08000240   0x00000018   Code   RO          451    .text.SysTick_CLKSourceConfig  hk32f030m_misc.o
    0x08000258   0x08000258   0x00000002   Code   RO           10    .text.SysTick_Handler  hk32f030m_it.o
    0x0800025a   0x0800025a   0x00000002   PAD
    0x0800025c   0x0800025c   0x000000f4   Code   RO          929    .text.SystemInit    system_hk32f030m.o
    0x08000350   0x08000350   0x0000001c   Code   RO          653    .text.TIM_Cmd       hk32f030m_tim.o
    0x0800036c   0x0800036c   0x0000001c   Code   RO          659    .text.TIM_CtrlPWMOutputs  hk32f030m_tim.o
    0x08000388   0x08000388   0x0000007c   Code   RO          663    .text.TIM_OC2Init   hk32f030m_tim.o
    0x08000404   0x08000404   0x00000014   Code   RO          693    .text.TIM_OC2PreloadConfig  hk32f030m_tim.o
    0x08000418   0x08000418   0x00000050   Code   RO          627    .text.TIM_TimeBaseInit  hk32f030m_tim.o
    0x08000468   0x08000468   0x00000034   Code   RO           52    .text.delay_init    systick_delay.o
    0x0800049c   0x0800049c   0x0000003c   Code   RO           56    .text.delay_ms      systick_delay.o
    0x080004d8   0x080004d8   0x0000011c   Code   RO           21    .text.main          main.o
    0x080005f4   0x080005f4   0x0000000e   Code   RO          987    i.__scatterload_copy  mc_p.l(handlers.o)
    0x08000602   0x08000602   0x00000002   Code   RO          988    i.__scatterload_null  mc_p.l(handlers.o)
    0x08000604   0x08000604   0x0000000e   Code   RO          989    i.__scatterload_zeroinit  mc_p.l(handlers.o)
    0x08000612   0x08000612   0x00000002   PAD
    0x08000614   0x08000614   0x00000020   Data   RO          986    Region$$Table       anon$$obj.o


    Execution Region RW_IRAM1 (Exec base: 0x20000000, Load base: 0x08000638, Size: 0x00000210, Max: 0x00000800, ABSOLUTE)

    Exec Addr    Load Addr    Size         Type   Attr      Idx    E Section Name        Object

    0x20000000   0x08000638   0x00000004   Data   RW          933    .data.SystemCoreClock  system_hk32f030m.o
    0x20000004   0x0800063c   0x00000004   PAD
    0x20000008        -       0x00000002   Zero   RW           59    .bss.fac_ms         systick_delay.o
    0x2000000a        -       0x00000001   Zero   RW           58    .bss.fac_us         systick_delay.o
    0x2000000b   0x0800063c   0x00000005   PAD
    0x20000010        -       0x00000200   Zero   RW          941    STACK               keil_startup_hk32f030m.o


==============================================================================

Image component sizes


      Code (inc. data)   RO Data    RW Data    ZI Data      Debug   Object Name

       168          0          0          0          0       6451   hk32f030m_gpio.o
        10          0          0          0          0        708   hk32f030m_it.o
        24          0          0          0          0       2558   hk32f030m_misc.o
        56          8          0          0          0       9762   hk32f030m_rcc.o
       280         32          0          0          0      27974   hk32f030m_tim.o
        28          8        192          0        512        716   keil_startup_hk32f030m.o
       284         16          0          0          0       3761   main.o
       244         24          0          4          0       2811   system_hk32f030m.o
       112         24          0          0          3       1463   systick_delay.o

    ----------------------------------------------------------------------
      1212        112        224          4        524      56204   Object Totals
         0          0         32          0          0          0   (incl. Generated)
         6          0          0          0          9          0   (incl. Padding)

    ----------------------------------------------------------------------

      Code (inc. data)   RO Data    RW Data    ZI Data      Debug   Library Member Name

         0          0          0          0          0          0   entry.o
         0          0          0          0          0          0   entry10a.o
         0          0          0          0          0          0   entry11a.o
         8          4          0          0          0          0   entry2.o
         4          0          0          0          0          0   entry5.o
         0          0          0          0          0          0   entry7b.o
         0          0          0          0          0          0   entry8b.o
         8          4          0          0          0          0   entry9a.o
        30          0          0          0          0          0   handlers.o
        36          8          0          0          0         68   init.o
        62          0          0          0          0         72   uidiv_div0.o

    ----------------------------------------------------------------------
       152         16          0          0          0        140   Library Totals
         4          0          0          0          0          0   (incl. Padding)

    ----------------------------------------------------------------------

      Code (inc. data)   RO Data    RW Data    ZI Data      Debug   Library Name

       148         16          0          0          0        140   mc_p.l

    ----------------------------------------------------------------------
       152         16          0          0          0        140   Library Totals

    ----------------------------------------------------------------------

==============================================================================


      Code (inc. data)   RO Data    RW Data    ZI Data      Debug   

      1364        128        224          4        524      56356   Grand Totals
      1364        128        224          4        524      56356   ELF Image Totals
      1364        128        224          4          0          0   ROM Totals

==============================================================================

    Total RO  Size (Code + RO Data)                 1588 (   1.55kB)
    Total RW  Size (RW Data + ZI Data)               528 (   0.52kB)
    Total ROM Size (Code + RO Data + RW Data)       1592 (   1.55kB)

==============================================================================

